Archive member included to satisfy reference by file (symbol)

c:/program files (x86)/atmel/studio/7.0/toolchain/avr8/avr8-gnu-toolchain/bin/../lib/gcc/avr/5.4.0/../../../../avr/lib/avr5\libm.a(cmpsf2.o)
                              Source/HAL/LCD/Source/lcd.o (__ltsf2)
c:/program files (x86)/atmel/studio/7.0/toolchain/avr8/avr8-gnu-toolchain/bin/../lib/gcc/avr/5.4.0/../../../../avr/lib/avr5\libm.a(divsf3.o)
                              Source/HAL/LCD/Source/lcd.o (__divsf3)
c:/program files (x86)/atmel/studio/7.0/toolchain/avr8/avr8-gnu-toolchain/bin/../lib/gcc/avr/5.4.0/../../../../avr/lib/avr5\libm.a(divsf3x.o)
                              c:/program files (x86)/atmel/studio/7.0/toolchain/avr8/avr8-gnu-toolchain/bin/../lib/gcc/avr/5.4.0/../../../../avr/lib/avr5\libm.a(divsf3.o) (__divsf3x)
c:/program files (x86)/atmel/studio/7.0/toolchain/avr8/avr8-gnu-toolchain/bin/../lib/gcc/avr/5.4.0/../../../../avr/lib/avr5\libm.a(fixunssfsi.o)
                              Source/HAL/LCD/Source/lcd.o (__fixunssfsi)
c:/program files (x86)/atmel/studio/7.0/toolchain/avr8/avr8-gnu-toolchain/bin/../lib/gcc/avr/5.4.0/../../../../avr/lib/avr5\libm.a(floatsisf.o)
                              Source/HAL/LM35/Source/lm35.o (__floatunsisf)
c:/program files (x86)/atmel/studio/7.0/toolchain/avr8/avr8-gnu-toolchain/bin/../lib/gcc/avr/5.4.0/../../../../avr/lib/avr5\libm.a(fp_cmp.o)
                              c:/program files (x86)/atmel/studio/7.0/toolchain/avr8/avr8-gnu-toolchain/bin/../lib/gcc/avr/5.4.0/../../../../avr/lib/avr5\libm.a(cmpsf2.o) (__fp_cmp)
c:/program files (x86)/atmel/studio/7.0/toolchain/avr8/avr8-gnu-toolchain/bin/../lib/gcc/avr/5.4.0/../../../../avr/lib/avr5\libm.a(fp_inf.o)
                              c:/program files (x86)/atmel/studio/7.0/toolchain/avr8/avr8-gnu-toolchain/bin/../lib/gcc/avr/5.4.0/../../../../avr/lib/avr5\libm.a(divsf3x.o) (__fp_inf)
c:/program files (x86)/atmel/studio/7.0/toolchain/avr8/avr8-gnu-toolchain/bin/../lib/gcc/avr/5.4.0/../../../../avr/lib/avr5\libm.a(fp_nan.o)
                              c:/program files (x86)/atmel/studio/7.0/toolchain/avr8/avr8-gnu-toolchain/bin/../lib/gcc/avr/5.4.0/../../../../avr/lib/avr5\libm.a(divsf3x.o) (__fp_nan)
c:/program files (x86)/atmel/studio/7.0/toolchain/avr8/avr8-gnu-toolchain/bin/../lib/gcc/avr/5.4.0/../../../../avr/lib/avr5\libm.a(fp_pscA.o)
                              c:/program files (x86)/atmel/studio/7.0/toolchain/avr8/avr8-gnu-toolchain/bin/../lib/gcc/avr/5.4.0/../../../../avr/lib/avr5\libm.a(divsf3x.o) (__fp_pscA)
c:/program files (x86)/atmel/studio/7.0/toolchain/avr8/avr8-gnu-toolchain/bin/../lib/gcc/avr/5.4.0/../../../../avr/lib/avr5\libm.a(fp_pscB.o)
                              c:/program files (x86)/atmel/studio/7.0/toolchain/avr8/avr8-gnu-toolchain/bin/../lib/gcc/avr/5.4.0/../../../../avr/lib/avr5\libm.a(divsf3x.o) (__fp_pscB)
c:/program files (x86)/atmel/studio/7.0/toolchain/avr8/avr8-gnu-toolchain/bin/../lib/gcc/avr/5.4.0/../../../../avr/lib/avr5\libm.a(fp_round.o)
                              c:/program files (x86)/atmel/studio/7.0/toolchain/avr8/avr8-gnu-toolchain/bin/../lib/gcc/avr/5.4.0/../../../../avr/lib/avr5\libm.a(divsf3.o) (__fp_round)
c:/program files (x86)/atmel/studio/7.0/toolchain/avr8/avr8-gnu-toolchain/bin/../lib/gcc/avr/5.4.0/../../../../avr/lib/avr5\libm.a(fp_split3.o)
                              c:/program files (x86)/atmel/studio/7.0/toolchain/avr8/avr8-gnu-toolchain/bin/../lib/gcc/avr/5.4.0/../../../../avr/lib/avr5\libm.a(divsf3x.o) (__fp_split3)
c:/program files (x86)/atmel/studio/7.0/toolchain/avr8/avr8-gnu-toolchain/bin/../lib/gcc/avr/5.4.0/../../../../avr/lib/avr5\libm.a(fp_zero.o)
                              c:/program files (x86)/atmel/studio/7.0/toolchain/avr8/avr8-gnu-toolchain/bin/../lib/gcc/avr/5.4.0/../../../../avr/lib/avr5\libm.a(fixunssfsi.o) (__fp_zero)
c:/program files (x86)/atmel/studio/7.0/toolchain/avr8/avr8-gnu-toolchain/bin/../lib/gcc/avr/5.4.0/../../../../avr/lib/avr5\libm.a(gesf2.o)
                              Source/HAL/LCD/Source/lcd.o (__gtsf2)
c:/program files (x86)/atmel/studio/7.0/toolchain/avr8/avr8-gnu-toolchain/bin/../lib/gcc/avr/5.4.0/../../../../avr/lib/avr5\libm.a(mulsf3.o)
                              Source/HAL/LCD/Source/lcd.o (__mulsf3)
c:/program files (x86)/atmel/studio/7.0/toolchain/avr8/avr8-gnu-toolchain/bin/../lib/gcc/avr/5.4.0/../../../../avr/lib/avr5\libm.a(mulsf3x.o)
                              c:/program files (x86)/atmel/studio/7.0/toolchain/avr8/avr8-gnu-toolchain/bin/../lib/gcc/avr/5.4.0/../../../../avr/lib/avr5\libm.a(mulsf3.o) (__mulsf3x)
c:/program files (x86)/atmel/studio/7.0/toolchain/avr8/avr8-gnu-toolchain/bin/../lib/gcc/avr/5.4.0/avr5\libgcc.a(_exit.o)
                              C:/Program Files (x86)/Atmel/Studio/7.0/Packs/atmel/ATmega_DFP/1.7.374/gcc/dev/atmega32a/avr5/crtatmega32a.o (exit)
c:/program files (x86)/atmel/studio/7.0/toolchain/avr8/avr8-gnu-toolchain/bin/../lib/gcc/avr/5.4.0/avr5\libgcc.a(_tablejump2.o)
                              Source/SERVICE/LocalMode_Menu/Source/localMenu.o (__tablejump2__)
c:/program files (x86)/atmel/studio/7.0/toolchain/avr8/avr8-gnu-toolchain/bin/../lib/gcc/avr/5.4.0/avr5\libgcc.a(_copy_data.o)
                              Source/HAL/LCD/Source/lcd.o (__do_copy_data)
c:/program files (x86)/atmel/studio/7.0/toolchain/avr8/avr8-gnu-toolchain/bin/../lib/gcc/avr/5.4.0/avr5\libgcc.a(_clear_bss.o)
                              Source/HAL/MM74C922/Source/MM74C922.o (__do_clear_bss)
c:/program files (x86)/atmel/studio/7.0/toolchain/avr8/avr8-gnu-toolchain/bin/../lib/gcc/avr/5.4.0/../../../../avr/lib/avr5\libc.a(strcmp.o)
                              Source/SERVICE/LocalMode_DB/Source/localDB.o (strcmp)
c:/program files (x86)/atmel/studio/7.0/toolchain/avr8/avr8-gnu-toolchain/bin/../lib/gcc/avr/5.4.0/../../../../avr/lib/avr5\libc.a(strncpy.o)
                              Source/SERVICE/LocalMode_DB/Source/localDB.o (strncpy)
c:/program files (x86)/atmel/studio/7.0/toolchain/avr8/avr8-gnu-toolchain/bin/../lib/gcc/avr/5.4.0/../../../../avr/lib/avr5\libc.a(snprintf.o)
                              Source/SERVICE/LocalMode_DB/Source/localDB.o (snprintf)
c:/program files (x86)/atmel/studio/7.0/toolchain/avr8/avr8-gnu-toolchain/bin/../lib/gcc/avr/5.4.0/../../../../avr/lib/avr5\libc.a(sprintf.o)
                              Source/HAL/LCD/Source/lcd.o (sprintf)
c:/program files (x86)/atmel/studio/7.0/toolchain/avr8/avr8-gnu-toolchain/bin/../lib/gcc/avr/5.4.0/../../../../avr/lib/avr5\libc.a(vfprintf_std.o)
                              c:/program files (x86)/atmel/studio/7.0/toolchain/avr8/avr8-gnu-toolchain/bin/../lib/gcc/avr/5.4.0/../../../../avr/lib/avr5\libc.a(snprintf.o) (vfprintf)
c:/program files (x86)/atmel/studio/7.0/toolchain/avr8/avr8-gnu-toolchain/bin/../lib/gcc/avr/5.4.0/../../../../avr/lib/avr5\libc.a(strnlen_P.o)
                              c:/program files (x86)/atmel/studio/7.0/toolchain/avr8/avr8-gnu-toolchain/bin/../lib/gcc/avr/5.4.0/../../../../avr/lib/avr5\libc.a(vfprintf_std.o) (strnlen_P)
c:/program files (x86)/atmel/studio/7.0/toolchain/avr8/avr8-gnu-toolchain/bin/../lib/gcc/avr/5.4.0/../../../../avr/lib/avr5\libc.a(strnlen.o)
                              c:/program files (x86)/atmel/studio/7.0/toolchain/avr8/avr8-gnu-toolchain/bin/../lib/gcc/avr/5.4.0/../../../../avr/lib/avr5\libc.a(vfprintf_std.o) (strnlen)
c:/program files (x86)/atmel/studio/7.0/toolchain/avr8/avr8-gnu-toolchain/bin/../lib/gcc/avr/5.4.0/../../../../avr/lib/avr5\libc.a(fputc.o)
                              c:/program files (x86)/atmel/studio/7.0/toolchain/avr8/avr8-gnu-toolchain/bin/../lib/gcc/avr/5.4.0/../../../../avr/lib/avr5\libc.a(vfprintf_std.o) (fputc)
c:/program files (x86)/atmel/studio/7.0/toolchain/avr8/avr8-gnu-toolchain/bin/../lib/gcc/avr/5.4.0/../../../../avr/lib/avr5\libc.a(ultoa_invert.o)
                              c:/program files (x86)/atmel/studio/7.0/toolchain/avr8/avr8-gnu-toolchain/bin/../lib/gcc/avr/5.4.0/../../../../avr/lib/avr5\libc.a(vfprintf_std.o) (__ultoa_invert)
c:/program files (x86)/atmel/studio/7.0/toolchain/avr8/avr8-gnu-toolchain/bin/../lib/gcc/avr/5.4.0/avr5\libgcc.a(_prologue.o)
                              c:/program files (x86)/atmel/studio/7.0/toolchain/avr8/avr8-gnu-toolchain/bin/../lib/gcc/avr/5.4.0/../../../../avr/lib/avr5\libc.a(snprintf.o) (__prologue_saves__)
c:/program files (x86)/atmel/studio/7.0/toolchain/avr8/avr8-gnu-toolchain/bin/../lib/gcc/avr/5.4.0/avr5\libgcc.a(_epilogue.o)
                              c:/program files (x86)/atmel/studio/7.0/toolchain/avr8/avr8-gnu-toolchain/bin/../lib/gcc/avr/5.4.0/../../../../avr/lib/avr5\libc.a(snprintf.o) (__epilogue_restores__)

Allocating common symbols
Common symbol       size              file

localUsers          0xd2              Source/SERVICE/LocalMode_DB/Source/localDB.o
ac                  0x3               Source/SERVICE/LocalMode_Menu/Source/localMenu.o

Discarded input sections

 .data          0x00000000        0x0 C:/Program Files (x86)/Atmel/Studio/7.0/Packs/atmel/ATmega_DFP/1.7.374/gcc/dev/atmega32a/avr5/crtatmega32a.o
 .bss           0x00000000        0x0 C:/Program Files (x86)/Atmel/Studio/7.0/Packs/atmel/ATmega_DFP/1.7.374/gcc/dev/atmega32a/avr5/crtatmega32a.o
 .text          0x00000000        0x0 Source/APP/main.o
 .data          0x00000000        0x0 Source/APP/main.o
 .bss           0x00000000        0x0 Source/APP/main.o
 .text          0x00000000        0x0 Source/HAL/Buzzer/Source/buzzer.o
 .data          0x00000000        0x0 Source/HAL/Buzzer/Source/buzzer.o
 .bss           0x00000000        0x0 Source/HAL/Buzzer/Source/buzzer.o
 .text.buzzer_init
                0x00000000       0x1a Source/HAL/Buzzer/Source/buzzer.o
 .text.buzzer_on
                0x00000000       0x1a Source/HAL/Buzzer/Source/buzzer.o
 .text.buzzer_off
                0x00000000       0x1a Source/HAL/Buzzer/Source/buzzer.o
 .debug_info    0x00000000       0xa4 Source/HAL/Buzzer/Source/buzzer.o
 .debug_abbrev  0x00000000       0x39 Source/HAL/Buzzer/Source/buzzer.o
 .debug_loc     0x00000000       0xb1 Source/HAL/Buzzer/Source/buzzer.o
 .debug_aranges
                0x00000000       0x30 Source/HAL/Buzzer/Source/buzzer.o
 .debug_ranges  0x00000000       0x20 Source/HAL/Buzzer/Source/buzzer.o
 .debug_line    0x00000000       0x96 Source/HAL/Buzzer/Source/buzzer.o
 .debug_str     0x00000000      0x1b2 Source/HAL/Buzzer/Source/buzzer.o
 .comment       0x00000000       0x31 Source/HAL/Buzzer/Source/buzzer.o
 .debug_frame   0x00000000       0x74 Source/HAL/Buzzer/Source/buzzer.o
 .text          0x00000000        0x0 Source/HAL/DC_Motor/Source/dc.o
 .data          0x00000000        0x0 Source/HAL/DC_Motor/Source/dc.o
 .bss           0x00000000        0x0 Source/HAL/DC_Motor/Source/dc.o
 .text.dcMotor_init
                0x00000000       0x1a Source/HAL/DC_Motor/Source/dc.o
 .text.dcMotor_on
                0x00000000       0x1a Source/HAL/DC_Motor/Source/dc.o
 .text.dcMotor_off
                0x00000000       0x1a Source/HAL/DC_Motor/Source/dc.o
 .debug_info    0x00000000       0xa4 Source/HAL/DC_Motor/Source/dc.o
 .debug_abbrev  0x00000000       0x39 Source/HAL/DC_Motor/Source/dc.o
 .debug_loc     0x00000000       0xb1 Source/HAL/DC_Motor/Source/dc.o
 .debug_aranges
                0x00000000       0x30 Source/HAL/DC_Motor/Source/dc.o
 .debug_ranges  0x00000000       0x20 Source/HAL/DC_Motor/Source/dc.o
 .debug_line    0x00000000       0x94 Source/HAL/DC_Motor/Source/dc.o
 .debug_str     0x00000000      0x1b3 Source/HAL/DC_Motor/Source/dc.o
 .comment       0x00000000       0x31 Source/HAL/DC_Motor/Source/dc.o
 .debug_frame   0x00000000       0x74 Source/HAL/DC_Motor/Source/dc.o
 .text          0x00000000        0x0 Source/HAL/Dimmer/Source/dimmer.o
 .data          0x00000000        0x0 Source/HAL/Dimmer/Source/dimmer.o
 .bss           0x00000000        0x0 Source/HAL/Dimmer/Source/dimmer.o
 .text.dimmer_init
                0x00000000       0x26 Source/HAL/Dimmer/Source/dimmer.o
 .text.dimmer_setIntensity
                0x00000000       0x28 Source/HAL/Dimmer/Source/dimmer.o
 .text.dimmer_turnOff
                0x00000000       0x16 Source/HAL/Dimmer/Source/dimmer.o
 .debug_info    0x00000000       0xc2 Source/HAL/Dimmer/Source/dimmer.o
 .debug_abbrev  0x00000000       0x6f Source/HAL/Dimmer/Source/dimmer.o
 .debug_loc     0x00000000       0xbe Source/HAL/Dimmer/Source/dimmer.o
 .debug_aranges
                0x00000000       0x30 Source/HAL/Dimmer/Source/dimmer.o
 .debug_ranges  0x00000000       0x20 Source/HAL/Dimmer/Source/dimmer.o
 .debug_line    0x00000000       0xcb Source/HAL/Dimmer/Source/dimmer.o
 .debug_str     0x00000000      0x1c8 Source/HAL/Dimmer/Source/dimmer.o
 .comment       0x00000000       0x31 Source/HAL/Dimmer/Source/dimmer.o
 .debug_frame   0x00000000       0x74 Source/HAL/Dimmer/Source/dimmer.o
 .text          0x00000000        0x0 Source/HAL/Keypad/Source/keypad.o
 .data          0x00000000        0x0 Source/HAL/Keypad/Source/keypad.o
 .bss           0x00000000        0x0 Source/HAL/Keypad/Source/keypad.o
 .text.keypad_init
                0x00000000       0x1a Source/HAL/Keypad/Source/keypad.o
 .text.keypad_readKey
                0x00000000       0x1c Source/HAL/Keypad/Source/keypad.o
 .debug_info    0x00000000       0xab Source/HAL/Keypad/Source/keypad.o
 .debug_abbrev  0x00000000       0x6f Source/HAL/Keypad/Source/keypad.o
 .debug_loc     0x00000000       0x83 Source/HAL/Keypad/Source/keypad.o
 .debug_aranges
                0x00000000       0x28 Source/HAL/Keypad/Source/keypad.o
 .debug_ranges  0x00000000       0x18 Source/HAL/Keypad/Source/keypad.o
 .debug_line    0x00000000       0xa3 Source/HAL/Keypad/Source/keypad.o
 .debug_str     0x00000000      0x1a9 Source/HAL/Keypad/Source/keypad.o
 .comment       0x00000000       0x31 Source/HAL/Keypad/Source/keypad.o
 .debug_frame   0x00000000       0x54 Source/HAL/Keypad/Source/keypad.o
 .text          0x00000000        0x0 Source/HAL/L293D/Source/l293d.o
 .data          0x00000000        0x0 Source/HAL/L293D/Source/l293d.o
 .bss           0x00000000        0x0 Source/HAL/L293D/Source/l293d.o
 .text.L293D_init
                0x00000000       0x54 Source/HAL/L293D/Source/l293d.o
 .text.L293D_setDirection
                0x00000000       0xa0 Source/HAL/L293D/Source/l293d.o
 .text.L293D_setSpeed
                0x00000000       0x2e Source/HAL/L293D/Source/l293d.o
 .debug_info    0x00000000       0xec Source/HAL/L293D/Source/l293d.o
 .debug_abbrev  0x00000000       0x87 Source/HAL/L293D/Source/l293d.o
 .debug_loc     0x00000000       0xcb Source/HAL/L293D/Source/l293d.o
 .debug_aranges
                0x00000000       0x30 Source/HAL/L293D/Source/l293d.o
 .debug_ranges  0x00000000       0x20 Source/HAL/L293D/Source/l293d.o
 .debug_line    0x00000000      0x15a Source/HAL/L293D/Source/l293d.o
 .debug_str     0x00000000      0x1d3 Source/HAL/L293D/Source/l293d.o
 .comment       0x00000000       0x31 Source/HAL/L293D/Source/l293d.o
 .debug_frame   0x00000000       0x74 Source/HAL/L293D/Source/l293d.o
 .text          0x00000000        0x0 Source/HAL/Lamp/Source/lamp.o
 .data          0x00000000        0x0 Source/HAL/Lamp/Source/lamp.o
 .bss           0x00000000        0x0 Source/HAL/Lamp/Source/lamp.o
 .text.lamp_init
                0x00000000       0x14 Source/HAL/Lamp/Source/lamp.o
 .text.lamp_on  0x00000000       0x68 Source/HAL/Lamp/Source/lamp.o
 .text.lamp_off
                0x00000000       0x68 Source/HAL/Lamp/Source/lamp.o
 .debug_info    0x00000000       0xce Source/HAL/Lamp/Source/lamp.o
 .debug_abbrev  0x00000000       0x87 Source/HAL/Lamp/Source/lamp.o
 .debug_loc     0x00000000       0xcb Source/HAL/Lamp/Source/lamp.o
 .debug_aranges
                0x00000000       0x30 Source/HAL/Lamp/Source/lamp.o
 .debug_ranges  0x00000000       0x20 Source/HAL/Lamp/Source/lamp.o
 .debug_line    0x00000000      0x14b Source/HAL/Lamp/Source/lamp.o
 .debug_str     0x00000000      0x1a8 Source/HAL/Lamp/Source/lamp.o
 .comment       0x00000000       0x31 Source/HAL/Lamp/Source/lamp.o
 .debug_frame   0x00000000       0x74 Source/HAL/Lamp/Source/lamp.o
 .text          0x00000000        0x0 Source/HAL/LCD/Source/lcd.o
 .data          0x00000000        0x0 Source/HAL/LCD/Source/lcd.o
 .bss           0x00000000        0x0 Source/HAL/LCD/Source/lcd.o
 .text.lcd_init
                0x00000000      0x446 Source/HAL/LCD/Source/lcd.o
 .text.enablePulse
                0x00000000      0x2fe Source/HAL/LCD/Source/lcd.o
 .text.lcd_sendCommand
                0x00000000       0xba Source/HAL/LCD/Source/lcd.o
 .text.lcd_writeData
                0x00000000       0xba Source/HAL/LCD/Source/lcd.o
 .text.lcd_goTo
                0x00000000       0x3e Source/HAL/LCD/Source/lcd.o
 .text.lcd_displayChar
                0x00000000       0x1c Source/HAL/LCD/Source/lcd.o
 .text.lcd_displayStr
                0x00000000       0x54 Source/HAL/LCD/Source/lcd.o
 .rodata        0x00000000        0x3 Source/HAL/LCD/Source/lcd.o
 .text.lcd_displayNums
                0x00000000       0x62 Source/HAL/LCD/Source/lcd.o
 .text.lcd_writeCustomChar
                0x00000000       0x70 Source/HAL/LCD/Source/lcd.o
 .debug_info    0x00000000      0x636 Source/HAL/LCD/Source/lcd.o
 .debug_abbrev  0x00000000      0x199 Source/HAL/LCD/Source/lcd.o
 .debug_loc     0x00000000      0x286 Source/HAL/LCD/Source/lcd.o
 .debug_aranges
                0x00000000       0x60 Source/HAL/LCD/Source/lcd.o
 .debug_ranges  0x00000000       0x68 Source/HAL/LCD/Source/lcd.o
 .debug_line    0x00000000      0x5a2 Source/HAL/LCD/Source/lcd.o
 .debug_str     0x00000000      0x2d3 Source/HAL/LCD/Source/lcd.o
 .comment       0x00000000       0x31 Source/HAL/LCD/Source/lcd.o
 .debug_frame   0x00000000      0x134 Source/HAL/LCD/Source/lcd.o
 .text          0x00000000        0x0 Source/HAL/LCD/Source/lcd_cfg.o
 .data          0x00000000        0x0 Source/HAL/LCD/Source/lcd_cfg.o
 .bss           0x00000000        0x0 Source/HAL/LCD/Source/lcd_cfg.o
 .data.customChar
                0x00000000       0x40 Source/HAL/LCD/Source/lcd_cfg.o
 .debug_info    0x00000000       0x8f Source/HAL/LCD/Source/lcd_cfg.o
 .debug_abbrev  0x00000000       0x4b Source/HAL/LCD/Source/lcd_cfg.o
 .debug_aranges
                0x00000000       0x18 Source/HAL/LCD/Source/lcd_cfg.o
 .debug_line    0x00000000       0x5d Source/HAL/LCD/Source/lcd_cfg.o
 .debug_str     0x00000000      0x1a3 Source/HAL/LCD/Source/lcd_cfg.o
 .comment       0x00000000       0x31 Source/HAL/LCD/Source/lcd_cfg.o
 .text          0x00000000        0x0 Source/HAL/LM35/Source/lm35.o
 .data          0x00000000        0x0 Source/HAL/LM35/Source/lm35.o
 .bss           0x00000000        0x0 Source/HAL/LM35/Source/lm35.o
 .text.LM35_init
                0x00000000       0x14 Source/HAL/LM35/Source/lm35.o
 .text.LM35_read
                0x00000000       0x9e Source/HAL/LM35/Source/lm35.o
 .debug_info    0x00000000       0xd3 Source/HAL/LM35/Source/lm35.o
 .debug_abbrev  0x00000000       0x6f Source/HAL/LM35/Source/lm35.o
 .debug_loc     0x00000000       0x82 Source/HAL/LM35/Source/lm35.o
 .debug_aranges
                0x00000000       0x28 Source/HAL/LM35/Source/lm35.o
 .debug_ranges  0x00000000       0x18 Source/HAL/LM35/Source/lm35.o
 .debug_line    0x00000000       0xb7 Source/HAL/LM35/Source/lm35.o
 .debug_str     0x00000000      0x1b7 Source/HAL/LM35/Source/lm35.o
 .comment       0x00000000       0x31 Source/HAL/LM35/Source/lm35.o
 .debug_frame   0x00000000       0x54 Source/HAL/LM35/Source/lm35.o
 .text          0x00000000        0x0 Source/HAL/MM74C922/Source/MM74C922.o
 .data          0x00000000        0x0 Source/HAL/MM74C922/Source/MM74C922.o
 .bss           0x00000000        0x0 Source/HAL/MM74C922/Source/MM74C922.o
 .bss.PortId    0x00000000        0x1 Source/HAL/MM74C922/Source/MM74C922.o
 .bss.PinId_S   0x00000000        0x1 Source/HAL/MM74C922/Source/MM74C922.o
 .bss.Last_key  0x00000000        0x1 Source/HAL/MM74C922/Source/MM74C922.o
 .data.Table    0x00000000       0x10 Source/HAL/MM74C922/Source/MM74C922.o
 .text.MM74C922_Init
                0x00000000       0x20 Source/HAL/MM74C922/Source/MM74C922.o
 .text.MM74C922_Decode
                0x00000000       0x92 Source/HAL/MM74C922/Source/MM74C922.o
 .text.MM74C922_GetKey
                0x00000000       0x12 Source/HAL/MM74C922/Source/MM74C922.o
 .debug_info    0x00000000      0x199 Source/HAL/MM74C922/Source/MM74C922.o
 .debug_abbrev  0x00000000       0xee Source/HAL/MM74C922/Source/MM74C922.o
 .debug_loc     0x00000000       0xcb Source/HAL/MM74C922/Source/MM74C922.o
 .debug_aranges
                0x00000000       0x30 Source/HAL/MM74C922/Source/MM74C922.o
 .debug_ranges  0x00000000       0x20 Source/HAL/MM74C922/Source/MM74C922.o
 .debug_line    0x00000000       0xe3 Source/HAL/MM74C922/Source/MM74C922.o
 .debug_str     0x00000000      0x218 Source/HAL/MM74C922/Source/MM74C922.o
 .comment       0x00000000       0x31 Source/HAL/MM74C922/Source/MM74C922.o
 .debug_frame   0x00000000       0x74 Source/HAL/MM74C922/Source/MM74C922.o
 .text          0x00000000        0x0 Source/HAL/POT/Source/pot.o
 .data          0x00000000        0x0 Source/HAL/POT/Source/pot.o
 .bss           0x00000000        0x0 Source/HAL/POT/Source/pot.o
 .text.POT_init
                0x00000000       0x14 Source/HAL/POT/Source/pot.o
 .text.POT_read
                0x00000000       0x78 Source/HAL/POT/Source/pot.o
 .debug_info    0x00000000       0xc5 Source/HAL/POT/Source/pot.o
 .debug_abbrev  0x00000000       0x6f Source/HAL/POT/Source/pot.o
 .debug_loc     0x00000000       0x83 Source/HAL/POT/Source/pot.o
 .debug_aranges
                0x00000000       0x28 Source/HAL/POT/Source/pot.o
 .debug_ranges  0x00000000       0x18 Source/HAL/POT/Source/pot.o
 .debug_line    0x00000000       0xa9 Source/HAL/POT/Source/pot.o
 .debug_str     0x00000000      0x1aa Source/HAL/POT/Source/pot.o
 .comment       0x00000000       0x31 Source/HAL/POT/Source/pot.o
 .debug_frame   0x00000000       0x54 Source/HAL/POT/Source/pot.o
 .text          0x00000000        0x0 Source/HAL/Relay/Source/relay.o
 .data          0x00000000        0x0 Source/HAL/Relay/Source/relay.o
 .bss           0x00000000        0x0 Source/HAL/Relay/Source/relay.o
 .text.relay_init
                0x00000000       0x42 Source/HAL/Relay/Source/relay.o
 .text.relay_on
                0x00000000       0x7c Source/HAL/Relay/Source/relay.o
 .text.relay_off
                0x00000000       0x7c Source/HAL/Relay/Source/relay.o
 .debug_info    0x00000000       0xce Source/HAL/Relay/Source/relay.o
 .debug_abbrev  0x00000000       0x87 Source/HAL/Relay/Source/relay.o
 .debug_loc     0x00000000       0xcb Source/HAL/Relay/Source/relay.o
 .debug_aranges
                0x00000000       0x30 Source/HAL/Relay/Source/relay.o
 .debug_ranges  0x00000000       0x20 Source/HAL/Relay/Source/relay.o
 .debug_line    0x00000000      0x165 Source/HAL/Relay/Source/relay.o
 .debug_str     0x00000000      0x1ad Source/HAL/Relay/Source/relay.o
 .comment       0x00000000       0x31 Source/HAL/Relay/Source/relay.o
 .debug_frame   0x00000000       0x74 Source/HAL/Relay/Source/relay.o
 .text          0x00000000        0x0 Source/HAL/Servo/Source/servo.o
 .data          0x00000000        0x0 Source/HAL/Servo/Source/servo.o
 .bss           0x00000000        0x0 Source/HAL/Servo/Source/servo.o
 .text.servo_init
                0x00000000       0x5c Source/HAL/Servo/Source/servo.o
 .text.servo_setAngleDegree
                0x00000000       0x1c Source/HAL/Servo/Source/servo.o
 .debug_info    0x00000000      0x10e Source/HAL/Servo/Source/servo.o
 .debug_abbrev  0x00000000       0x6f Source/HAL/Servo/Source/servo.o
 .debug_loc     0x00000000       0xb6 Source/HAL/Servo/Source/servo.o
 .debug_aranges
                0x00000000       0x28 Source/HAL/Servo/Source/servo.o
 .debug_ranges  0x00000000       0x18 Source/HAL/Servo/Source/servo.o
 .debug_line    0x00000000       0xa1 Source/HAL/Servo/Source/servo.o
 .debug_str     0x00000000      0x1e7 Source/HAL/Servo/Source/servo.o
 .comment       0x00000000       0x31 Source/HAL/Servo/Source/servo.o
 .debug_frame   0x00000000       0x64 Source/HAL/Servo/Source/servo.o
 .text          0x00000000        0x0 Source/MCAL/ADC/Source/adc.o
 .data          0x00000000        0x0 Source/MCAL/ADC/Source/adc.o
 .bss           0x00000000        0x0 Source/MCAL/ADC/Source/adc.o
 .text.adc_init
                0x00000000       0x46 Source/MCAL/ADC/Source/adc.o
 .text.adc_read
                0x00000000       0x82 Source/MCAL/ADC/Source/adc.o
 .debug_info    0x00000000       0xb6 Source/MCAL/ADC/Source/adc.o
 .debug_abbrev  0x00000000       0x6f Source/MCAL/ADC/Source/adc.o
 .debug_loc     0x00000000       0x83 Source/MCAL/ADC/Source/adc.o
 .debug_aranges
                0x00000000       0x28 Source/MCAL/ADC/Source/adc.o
 .debug_ranges  0x00000000       0x18 Source/MCAL/ADC/Source/adc.o
 .debug_line    0x00000000       0xc8 Source/MCAL/ADC/Source/adc.o
 .debug_str     0x00000000      0x1a8 Source/MCAL/ADC/Source/adc.o
 .comment       0x00000000       0x31 Source/MCAL/ADC/Source/adc.o
 .debug_frame   0x00000000       0x54 Source/MCAL/ADC/Source/adc.o
 .text          0x00000000        0x0 Source/MCAL/DIO/Source/dio.o
 .data          0x00000000        0x0 Source/MCAL/DIO/Source/dio.o
 .bss           0x00000000        0x0 Source/MCAL/DIO/Source/dio.o
 .text.dio_setPinDirection
                0x00000000      0x1e6 Source/MCAL/DIO/Source/dio.o
 .text.dio_writeChannel
                0x00000000      0x1e6 Source/MCAL/DIO/Source/dio.o
 .text.dio_toggleChannel
                0x00000000       0xe8 Source/MCAL/DIO/Source/dio.o
 .text.dio_readChannel
                0x00000000       0xcc Source/MCAL/DIO/Source/dio.o
 .text.dio_enablePullUp
                0x00000000       0xe8 Source/MCAL/DIO/Source/dio.o
 .debug_info    0x00000000      0x1a9 Source/MCAL/DIO/Source/dio.o
 .debug_abbrev  0x00000000       0x9a Source/MCAL/DIO/Source/dio.o
 .debug_loc     0x00000000      0x168 Source/MCAL/DIO/Source/dio.o
 .debug_aranges
                0x00000000       0x40 Source/MCAL/DIO/Source/dio.o
 .debug_ranges  0x00000000       0x30 Source/MCAL/DIO/Source/dio.o
 .debug_line    0x00000000      0x324 Source/MCAL/DIO/Source/dio.o
 .debug_str     0x00000000      0x209 Source/MCAL/DIO/Source/dio.o
 .comment       0x00000000       0x31 Source/MCAL/DIO/Source/dio.o
 .debug_frame   0x00000000       0xb4 Source/MCAL/DIO/Source/dio.o
 .text          0x00000000        0x0 Source/MCAL/EEPROM/Source/eeprom.o
 .data          0x00000000        0x0 Source/MCAL/EEPROM/Source/eeprom.o
 .bss           0x00000000        0x0 Source/MCAL/EEPROM/Source/eeprom.o
 .text.EEPROM_write
                0x00000000       0x6e Source/MCAL/EEPROM/Source/eeprom.o
 .text.EEPROM_read
                0x00000000       0x52 Source/MCAL/EEPROM/Source/eeprom.o
 .text.EEPROM_write_block
                0x00000000       0x7a Source/MCAL/EEPROM/Source/eeprom.o
 .text.EEPROM_read_block
                0x00000000       0x7a Source/MCAL/EEPROM/Source/eeprom.o
 .debug_info    0x00000000      0x1df Source/MCAL/EEPROM/Source/eeprom.o
 .debug_abbrev  0x00000000       0xf7 Source/MCAL/EEPROM/Source/eeprom.o
 .debug_loc     0x00000000      0x11e Source/MCAL/EEPROM/Source/eeprom.o
 .debug_aranges
                0x00000000       0x38 Source/MCAL/EEPROM/Source/eeprom.o
 .debug_ranges  0x00000000       0x28 Source/MCAL/EEPROM/Source/eeprom.o
 .debug_line    0x00000000      0x192 Source/MCAL/EEPROM/Source/eeprom.o
 .debug_str     0x00000000      0x1f2 Source/MCAL/EEPROM/Source/eeprom.o
 .comment       0x00000000       0x31 Source/MCAL/EEPROM/Source/eeprom.o
 .debug_frame   0x00000000       0x94 Source/MCAL/EEPROM/Source/eeprom.o
 .text          0x00000000        0x0 Source/MCAL/GIE/Source/gie.o
 .data          0x00000000        0x0 Source/MCAL/GIE/Source/gie.o
 .bss           0x00000000        0x0 Source/MCAL/GIE/Source/gie.o
 .text.gie_enableAllInterrupts
                0x00000000       0x22 Source/MCAL/GIE/Source/gie.o
 .text.gie_disableAllInterrupts
                0x00000000       0x22 Source/MCAL/GIE/Source/gie.o
 .debug_info    0x00000000       0x98 Source/MCAL/GIE/Source/gie.o
 .debug_abbrev  0x00000000       0x46 Source/MCAL/GIE/Source/gie.o
 .debug_loc     0x00000000       0x76 Source/MCAL/GIE/Source/gie.o
 .debug_aranges
                0x00000000       0x28 Source/MCAL/GIE/Source/gie.o
 .debug_ranges  0x00000000       0x18 Source/MCAL/GIE/Source/gie.o
 .debug_line    0x00000000       0x92 Source/MCAL/GIE/Source/gie.o
 .debug_str     0x00000000      0x1bd Source/MCAL/GIE/Source/gie.o
 .comment       0x00000000       0x31 Source/MCAL/GIE/Source/gie.o
 .debug_frame   0x00000000       0x54 Source/MCAL/GIE/Source/gie.o
 .text          0x00000000        0x0 Source/MCAL/Timer0/Source/timer0.o
 .data          0x00000000        0x0 Source/MCAL/Timer0/Source/timer0.o
 .bss           0x00000000        0x0 Source/MCAL/Timer0/Source/timer0.o
 .text.timer0_init
                0x00000000       0x2a Source/MCAL/Timer0/Source/timer0.o
 .text.timer0_start
                0x00000000       0x2a Source/MCAL/Timer0/Source/timer0.o
 .text.timer0_stop
                0x00000000       0x22 Source/MCAL/Timer0/Source/timer0.o
 .text.timer0_setPreLoad
                0x00000000       0x20 Source/MCAL/Timer0/Source/timer0.o
 .text.timer0_enableOvInterrupt
                0x00000000       0x22 Source/MCAL/Timer0/Source/timer0.o
 .text.timer0_disableOvInterrupt
                0x00000000       0x22 Source/MCAL/Timer0/Source/timer0.o
 .text.timer0_setOvCallBack
                0x00000000       0x26 Source/MCAL/Timer0/Source/timer0.o
 .text.timer0_setCompareValue
                0x00000000       0x20 Source/MCAL/Timer0/Source/timer0.o
 .text.timer0_enableCTCInterrupt
                0x00000000       0x22 Source/MCAL/Timer0/Source/timer0.o
 .text.timer0_disableCTCInterrupt
                0x00000000       0x22 Source/MCAL/Timer0/Source/timer0.o
 .text.timer0_setCTCCallBack
                0x00000000       0x26 Source/MCAL/Timer0/Source/timer0.o
 .text.pwm0_init
                0x00000000       0x42 Source/MCAL/Timer0/Source/timer0.o
 .text.pwm0_setDutyCycle
                0x00000000       0x70 Source/MCAL/Timer0/Source/timer0.o
 .text          0x00000000        0x0 Source/MCAL/Timer1/Source/timer1.o
 .data          0x00000000        0x0 Source/MCAL/Timer1/Source/timer1.o
 .bss           0x00000000        0x0 Source/MCAL/Timer1/Source/timer1.o
 .text.timer1_init
                0x00000000       0x2a Source/MCAL/Timer1/Source/timer1.o
 .text.timer1_start
                0x00000000       0x2a Source/MCAL/Timer1/Source/timer1.o
 .text.timer1_stop
                0x00000000       0x22 Source/MCAL/Timer1/Source/timer1.o
 .text.timer1_setPreLoad
                0x00000000       0x2e Source/MCAL/Timer1/Source/timer1.o
 .text.timer1_enableOvInterrupt
                0x00000000       0x22 Source/MCAL/Timer1/Source/timer1.o
 .text.timer1_disableOvInterrupt
                0x00000000       0x22 Source/MCAL/Timer1/Source/timer1.o
 .text.timer1_setOvCallBack
                0x00000000       0x26 Source/MCAL/Timer1/Source/timer1.o
 .text.pwm1_init
                0x00000000       0x5c Source/MCAL/Timer1/Source/timer1.o
 .text.pwm1_setTopValue
                0x00000000       0x26 Source/MCAL/Timer1/Source/timer1.o
 .text.pwm1_setDutyCycle
                0x00000000       0x26 Source/MCAL/Timer1/Source/timer1.o
 .text          0x00000000        0x0 Source/MCAL/Timer2/Source/timer2.o
 .data          0x00000000        0x0 Source/MCAL/Timer2/Source/timer2.o
 .bss           0x00000000        0x0 Source/MCAL/Timer2/Source/timer2.o
 .text.timer2_init
                0x00000000       0x2a Source/MCAL/Timer2/Source/timer2.o
 .text.timer2_start
                0x00000000       0x2a Source/MCAL/Timer2/Source/timer2.o
 .text.timer2_stop
                0x00000000       0x22 Source/MCAL/Timer2/Source/timer2.o
 .text.timer2_setPreLoad
                0x00000000       0x20 Source/MCAL/Timer2/Source/timer2.o
 .text.timer2_enableOvInterrupt
                0x00000000       0x22 Source/MCAL/Timer2/Source/timer2.o
 .text.timer2_disableOvInterrupt
                0x00000000       0x22 Source/MCAL/Timer2/Source/timer2.o
 .text.timer2_setOvCallBack
                0x00000000       0x26 Source/MCAL/Timer2/Source/timer2.o
 .text.timer2_setCompareValue
                0x00000000       0x20 Source/MCAL/Timer2/Source/timer2.o
 .text.timer2_enableCTCInterrupt
                0x00000000       0x22 Source/MCAL/Timer2/Source/timer2.o
 .text.timer2_disableCTCInterrupt
                0x00000000       0x22 Source/MCAL/Timer2/Source/timer2.o
 .text.timer2_setCTCCallBack
                0x00000000       0x26 Source/MCAL/Timer2/Source/timer2.o
 .text.pwm2_init
                0x00000000       0x42 Source/MCAL/Timer2/Source/timer2.o
 .text.pwm2_setDutyCycle
                0x00000000       0x70 Source/MCAL/Timer2/Source/timer2.o
 .text          0x00000000        0x0 Source/MCAL/UART/Source/uart.o
 .data          0x00000000        0x0 Source/MCAL/UART/Source/uart.o
 .bss           0x00000000        0x0 Source/MCAL/UART/Source/uart.o
 .text.uart_init
                0x00000000       0x62 Source/MCAL/UART/Source/uart.o
 .text.uart_sendByte
                0x00000000       0x3c Source/MCAL/UART/Source/uart.o
 .text.uart_sendString
                0x00000000       0x3e Source/MCAL/UART/Source/uart.o
 .text.uart_receiveByte
                0x00000000       0x32 Source/MCAL/UART/Source/uart.o
 .text.uart_receiveString
                0x00000000       0x40 Source/MCAL/UART/Source/uart.o
 .debug_info    0x00000000      0x137 Source/MCAL/UART/Source/uart.o
 .debug_abbrev  0x00000000       0xbb Source/MCAL/UART/Source/uart.o
 .debug_loc     0x00000000      0x15b Source/MCAL/UART/Source/uart.o
 .debug_aranges
                0x00000000       0x40 Source/MCAL/UART/Source/uart.o
 .debug_ranges  0x00000000       0x30 Source/MCAL/UART/Source/uart.o
 .debug_line    0x00000000      0x148 Source/MCAL/UART/Source/uart.o
 .debug_str     0x00000000      0x1f0 Source/MCAL/UART/Source/uart.o
 .comment       0x00000000       0x31 Source/MCAL/UART/Source/uart.o
 .debug_frame   0x00000000       0xb4 Source/MCAL/UART/Source/uart.o
 .text          0x00000000        0x0 Source/SERVICE/AC/Source/ac.o
 .data          0x00000000        0x0 Source/SERVICE/AC/Source/ac.o
 .bss           0x00000000        0x0 Source/SERVICE/AC/Source/ac.o
 .bss.AC_CFG    0x00000000        0x3 Source/SERVICE/AC/Source/ac.o
 .text.airConditioner_init
                0x00000000       0x18 Source/SERVICE/AC/Source/ac.o
 .text.airConditioner_Temperature
                0x00000000       0x20 Source/SERVICE/AC/Source/ac.o
 .text.airConditioner_Toggle
                0x00000000       0x30 Source/SERVICE/AC/Source/ac.o
 .text.airConditioner_Set_Config
                0x00000000       0x32 Source/SERVICE/AC/Source/ac.o
 .text.airConditioner_Status
                0x00000000       0x1e Source/SERVICE/AC/Source/ac.o
 .text.airConditioner_service
                0x00000000       0x56 Source/SERVICE/AC/Source/ac.o
 .text.airConditioner_on
                0x00000000       0x14 Source/SERVICE/AC/Source/ac.o
 .text.airConditioner_off
                0x00000000       0x14 Source/SERVICE/AC/Source/ac.o
 .bss.current_temperature.1629
                0x00000000        0x1 Source/SERVICE/AC/Source/ac.o
 .debug_info    0x00000000      0x1e6 Source/SERVICE/AC/Source/ac.o
 .debug_abbrev  0x00000000      0x132 Source/SERVICE/AC/Source/ac.o
 .debug_loc     0x00000000      0x1f2 Source/SERVICE/AC/Source/ac.o
 .debug_aranges
                0x00000000       0x58 Source/SERVICE/AC/Source/ac.o
 .debug_ranges  0x00000000       0x48 Source/SERVICE/AC/Source/ac.o
 .debug_line    0x00000000      0x1d4 Source/SERVICE/AC/Source/ac.o
 .debug_str     0x00000000      0x2b8 Source/SERVICE/AC/Source/ac.o
 .comment       0x00000000       0x31 Source/SERVICE/AC/Source/ac.o
 .debug_frame   0x00000000      0x114 Source/SERVICE/AC/Source/ac.o
 .text          0x00000000        0x0 Source/SERVICE/LocalMode_DB/Source/localDB.o
 .data          0x00000000        0x0 Source/SERVICE/LocalMode_DB/Source/localDB.o
 .bss           0x00000000        0x0 Source/SERVICE/LocalMode_DB/Source/localDB.o
 .rodata        0x00000000       0x88 Source/SERVICE/LocalMode_DB/Source/localDB.o
 .text.getPassword
                0x00000000      0x1fc Source/SERVICE/LocalMode_DB/Source/localDB.o
 .text.addUserToEEPROM
                0x00000000       0xb4 Source/SERVICE/LocalMode_DB/Source/localDB.o
 .text.getUserFromEEPROM
                0x00000000       0x54 Source/SERVICE/LocalMode_DB/Source/localDB.o
 .text.deleteUserFromEEPROM
                0x00000000       0xb4 Source/SERVICE/LocalMode_DB/Source/localDB.o
 .text.displayUsersOnLCD
                0x00000000       0xae Source/SERVICE/LocalMode_DB/Source/localDB.o
 .text.scrollUsersOnLCD
                0x00000000      0x140 Source/SERVICE/LocalMode_DB/Source/localDB.o
 .text.selectUserAndLogin
                0x00000000       0x9e Source/SERVICE/LocalMode_DB/Source/localDB.o
 .debug_info    0x00000000      0x591 Source/SERVICE/LocalMode_DB/Source/localDB.o
 .debug_abbrev  0x00000000      0x1d9 Source/SERVICE/LocalMode_DB/Source/localDB.o
 .debug_loc     0x00000000      0x1f3 Source/SERVICE/LocalMode_DB/Source/localDB.o
 .debug_aranges
                0x00000000       0x50 Source/SERVICE/LocalMode_DB/Source/localDB.o
 .debug_ranges  0x00000000       0x88 Source/SERVICE/LocalMode_DB/Source/localDB.o
 .debug_line    0x00000000      0x508 Source/SERVICE/LocalMode_DB/Source/localDB.o
 .debug_str     0x00000000      0x356 Source/SERVICE/LocalMode_DB/Source/localDB.o
 .comment       0x00000000       0x31 Source/SERVICE/LocalMode_DB/Source/localDB.o
 .debug_frame   0x00000000       0xf4 Source/SERVICE/LocalMode_DB/Source/localDB.o
 COMMON         0x00000000       0xd2 Source/SERVICE/LocalMode_DB/Source/localDB.o
 .text          0x00000000        0x0 Source/SERVICE/LocalMode_Menu/Source/localMenu.o
 .data          0x00000000        0x0 Source/SERVICE/LocalMode_Menu/Source/localMenu.o
 .bss           0x00000000        0x0 Source/SERVICE/LocalMode_Menu/Source/localMenu.o
 .bss.number_of_active_devices
                0x00000000        0x1 Source/SERVICE/LocalMode_Menu/Source/localMenu.o
 .text.local_Menu_Slector_Display
                0x00000000       0x46 Source/SERVICE/LocalMode_Menu/Source/localMenu.o
 .rodata        0x00000000       0x87 Source/SERVICE/LocalMode_Menu/Source/localMenu.o
 .text.local_Menu_Display
                0x00000000       0x66 Source/SERVICE/LocalMode_Menu/Source/localMenu.o
 .text.local_Menu_LED_Display
                0x00000000       0xf0 Source/SERVICE/LocalMode_Menu/Source/localMenu.o
 .text.local_Menu_AC_Display
                0x00000000       0xc6 Source/SERVICE/LocalMode_Menu/Source/localMenu.o
 .text.local_Menu_Move_Selector
                0x00000000       0xa2 Source/SERVICE/LocalMode_Menu/Source/localMenu.o
 .text.local_Menu
                0x00000000       0x3c Source/SERVICE/LocalMode_Menu/Source/localMenu.o
 .text.local_Menu_AC
                0x00000000       0xe2 Source/SERVICE/LocalMode_Menu/Source/localMenu.o
 .text.local_Menu_AC_Set_Temp
                0x00000000       0x4a Source/SERVICE/LocalMode_Menu/Source/localMenu.o
 .text.local_Menu_LED
                0x00000000       0xda Source/SERVICE/LocalMode_Menu/Source/localMenu.o
 .progmem.gcc_sw_table.local_Menu_LED
                0x00000000        0xe Source/SERVICE/LocalMode_Menu/Source/localMenu.o
 .text.local_Menu_value_adj
                0x00000000       0x62 Source/SERVICE/LocalMode_Menu/Source/localMenu.o
 .bss.menu_selector_position.1688
                0x00000000        0x1 Source/SERVICE/LocalMode_Menu/Source/localMenu.o
 .bss.menu_position.1687
                0x00000000        0x1 Source/SERVICE/LocalMode_Menu/Source/localMenu.o
 .data.max_menu_position.1689
                0x00000000        0x1 Source/SERVICE/LocalMode_Menu/Source/localMenu.o
 .bss.menu_position.1705
                0x00000000        0x1 Source/SERVICE/LocalMode_Menu/Source/localMenu.o
 .bss.menu_selector_position.1706
                0x00000000        0x1 Source/SERVICE/LocalMode_Menu/Source/localMenu.o
 .data.max_menu_position.1707
                0x00000000        0x1 Source/SERVICE/LocalMode_Menu/Source/localMenu.o
 .bss.v_adj_flag.1739
                0x00000000        0x1 Source/SERVICE/LocalMode_Menu/Source/localMenu.o
 .bss.menu_key.1738
                0x00000000        0x1 Source/SERVICE/LocalMode_Menu/Source/localMenu.o
 .bss.menu_position.1735
                0x00000000        0x1 Source/SERVICE/LocalMode_Menu/Source/localMenu.o
 .bss.menu_selector_position.1736
                0x00000000        0x1 Source/SERVICE/LocalMode_Menu/Source/localMenu.o
 .data.max_menu_position.1737
                0x00000000        0x1 Source/SERVICE/LocalMode_Menu/Source/localMenu.o
 .debug_info    0x00000000      0x429 Source/SERVICE/LocalMode_Menu/Source/localMenu.o
 .debug_abbrev  0x00000000      0x14e Source/SERVICE/LocalMode_Menu/Source/localMenu.o
 .debug_loc     0x00000000      0x2cf Source/SERVICE/LocalMode_Menu/Source/localMenu.o
 .debug_aranges
                0x00000000       0x68 Source/SERVICE/LocalMode_Menu/Source/localMenu.o
 .debug_ranges  0x00000000       0x70 Source/SERVICE/LocalMode_Menu/Source/localMenu.o
 .debug_line    0x00000000      0x4e6 Source/SERVICE/LocalMode_Menu/Source/localMenu.o
 .debug_str     0x00000000      0x3a9 Source/SERVICE/LocalMode_Menu/Source/localMenu.o
 .comment       0x00000000       0x31 Source/SERVICE/LocalMode_Menu/Source/localMenu.o
 .debug_frame   0x00000000      0x154 Source/SERVICE/LocalMode_Menu/Source/localMenu.o
 COMMON         0x00000000        0x3 Source/SERVICE/LocalMode_Menu/Source/localMenu.o
 .text          0x00000000        0x0 c:/program files (x86)/atmel/studio/7.0/toolchain/avr8/avr8-gnu-toolchain/bin/../lib/gcc/avr/5.4.0/../../../../avr/lib/avr5\libm.a(cmpsf2.o)
 .data          0x00000000        0x0 c:/program files (x86)/atmel/studio/7.0/toolchain/avr8/avr8-gnu-toolchain/bin/../lib/gcc/avr/5.4.0/../../../../avr/lib/avr5\libm.a(cmpsf2.o)
 .bss           0x00000000        0x0 c:/program files (x86)/atmel/studio/7.0/toolchain/avr8/avr8-gnu-toolchain/bin/../lib/gcc/avr/5.4.0/../../../../avr/lib/avr5\libm.a(cmpsf2.o)
 .text.avr-libc.fplib
                0x00000000        0xa c:/program files (x86)/atmel/studio/7.0/toolchain/avr8/avr8-gnu-toolchain/bin/../lib/gcc/avr/5.4.0/../../../../avr/lib/avr5\libm.a(cmpsf2.o)
 .text          0x00000000        0x0 c:/program files (x86)/atmel/studio/7.0/toolchain/avr8/avr8-gnu-toolchain/bin/../lib/gcc/avr/5.4.0/../../../../avr/lib/avr5\libm.a(divsf3.o)
 .data          0x00000000        0x0 c:/program files (x86)/atmel/studio/7.0/toolchain/avr8/avr8-gnu-toolchain/bin/../lib/gcc/avr/5.4.0/../../../../avr/lib/avr5\libm.a(divsf3.o)
 .bss           0x00000000        0x0 c:/program files (x86)/atmel/studio/7.0/toolchain/avr8/avr8-gnu-toolchain/bin/../lib/gcc/avr/5.4.0/../../../../avr/lib/avr5\libm.a(divsf3.o)
 .text.avr-libc.fplib
                0x00000000        0x8 c:/program files (x86)/atmel/studio/7.0/toolchain/avr8/avr8-gnu-toolchain/bin/../lib/gcc/avr/5.4.0/../../../../avr/lib/avr5\libm.a(divsf3.o)
 .text          0x00000000        0x0 c:/program files (x86)/atmel/studio/7.0/toolchain/avr8/avr8-gnu-toolchain/bin/../lib/gcc/avr/5.4.0/../../../../avr/lib/avr5\libm.a(divsf3x.o)
 .data          0x00000000        0x0 c:/program files (x86)/atmel/studio/7.0/toolchain/avr8/avr8-gnu-toolchain/bin/../lib/gcc/avr/5.4.0/../../../../avr/lib/avr5\libm.a(divsf3x.o)
 .bss           0x00000000        0x0 c:/program files (x86)/atmel/studio/7.0/toolchain/avr8/avr8-gnu-toolchain/bin/../lib/gcc/avr/5.4.0/../../../../avr/lib/avr5\libm.a(divsf3x.o)
 .text.avr-libc.fplib
                0x00000000       0xdc c:/program files (x86)/atmel/studio/7.0/toolchain/avr8/avr8-gnu-toolchain/bin/../lib/gcc/avr/5.4.0/../../../../avr/lib/avr5\libm.a(divsf3x.o)
 .text          0x00000000        0x0 c:/program files (x86)/atmel/studio/7.0/toolchain/avr8/avr8-gnu-toolchain/bin/../lib/gcc/avr/5.4.0/../../../../avr/lib/avr5\libm.a(fixunssfsi.o)
 .data          0x00000000        0x0 c:/program files (x86)/atmel/studio/7.0/toolchain/avr8/avr8-gnu-toolchain/bin/../lib/gcc/avr/5.4.0/../../../../avr/lib/avr5\libm.a(fixunssfsi.o)
 .bss           0x00000000        0x0 c:/program files (x86)/atmel/studio/7.0/toolchain/avr8/avr8-gnu-toolchain/bin/../lib/gcc/avr/5.4.0/../../../../avr/lib/avr5\libm.a(fixunssfsi.o)
 .text.avr-libc.fplib
                0x00000000       0x5e c:/program files (x86)/atmel/studio/7.0/toolchain/avr8/avr8-gnu-toolchain/bin/../lib/gcc/avr/5.4.0/../../../../avr/lib/avr5\libm.a(fixunssfsi.o)
 .text          0x00000000        0x0 c:/program files (x86)/atmel/studio/7.0/toolchain/avr8/avr8-gnu-toolchain/bin/../lib/gcc/avr/5.4.0/../../../../avr/lib/avr5\libm.a(floatsisf.o)
 .data          0x00000000        0x0 c:/program files (x86)/atmel/studio/7.0/toolchain/avr8/avr8-gnu-toolchain/bin/../lib/gcc/avr/5.4.0/../../../../avr/lib/avr5\libm.a(floatsisf.o)
 .bss           0x00000000        0x0 c:/program files (x86)/atmel/studio/7.0/toolchain/avr8/avr8-gnu-toolchain/bin/../lib/gcc/avr/5.4.0/../../../../avr/lib/avr5\libm.a(floatsisf.o)
 .text.avr-libc.fplib
                0x00000000       0x7a c:/program files (x86)/atmel/studio/7.0/toolchain/avr8/avr8-gnu-toolchain/bin/../lib/gcc/avr/5.4.0/../../../../avr/lib/avr5\libm.a(floatsisf.o)
 .text          0x00000000        0x0 c:/program files (x86)/atmel/studio/7.0/toolchain/avr8/avr8-gnu-toolchain/bin/../lib/gcc/avr/5.4.0/../../../../avr/lib/avr5\libm.a(fp_cmp.o)
 .data          0x00000000        0x0 c:/program files (x86)/atmel/studio/7.0/toolchain/avr8/avr8-gnu-toolchain/bin/../lib/gcc/avr/5.4.0/../../../../avr/lib/avr5\libm.a(fp_cmp.o)
 .bss           0x00000000        0x0 c:/program files (x86)/atmel/studio/7.0/toolchain/avr8/avr8-gnu-toolchain/bin/../lib/gcc/avr/5.4.0/../../../../avr/lib/avr5\libm.a(fp_cmp.o)
 .text.avr-libc.fplib
                0x00000000       0x48 c:/program files (x86)/atmel/studio/7.0/toolchain/avr8/avr8-gnu-toolchain/bin/../lib/gcc/avr/5.4.0/../../../../avr/lib/avr5\libm.a(fp_cmp.o)
 .text          0x00000000        0x0 c:/program files (x86)/atmel/studio/7.0/toolchain/avr8/avr8-gnu-toolchain/bin/../lib/gcc/avr/5.4.0/../../../../avr/lib/avr5\libm.a(fp_inf.o)
 .data          0x00000000        0x0 c:/program files (x86)/atmel/studio/7.0/toolchain/avr8/avr8-gnu-toolchain/bin/../lib/gcc/avr/5.4.0/../../../../avr/lib/avr5\libm.a(fp_inf.o)
 .bss           0x00000000        0x0 c:/program files (x86)/atmel/studio/7.0/toolchain/avr8/avr8-gnu-toolchain/bin/../lib/gcc/avr/5.4.0/../../../../avr/lib/avr5\libm.a(fp_inf.o)
 .text.avr-libc.fplib
                0x00000000        0xc c:/program files (x86)/atmel/studio/7.0/toolchain/avr8/avr8-gnu-toolchain/bin/../lib/gcc/avr/5.4.0/../../../../avr/lib/avr5\libm.a(fp_inf.o)
 .text          0x00000000        0x0 c:/program files (x86)/atmel/studio/7.0/toolchain/avr8/avr8-gnu-toolchain/bin/../lib/gcc/avr/5.4.0/../../../../avr/lib/avr5\libm.a(fp_nan.o)
 .data          0x00000000        0x0 c:/program files (x86)/atmel/studio/7.0/toolchain/avr8/avr8-gnu-toolchain/bin/../lib/gcc/avr/5.4.0/../../../../avr/lib/avr5\libm.a(fp_nan.o)
 .bss           0x00000000        0x0 c:/program files (x86)/atmel/studio/7.0/toolchain/avr8/avr8-gnu-toolchain/bin/../lib/gcc/avr/5.4.0/../../../../avr/lib/avr5\libm.a(fp_nan.o)
 .text.avr-libc.fplib
                0x00000000        0x6 c:/program files (x86)/atmel/studio/7.0/toolchain/avr8/avr8-gnu-toolchain/bin/../lib/gcc/avr/5.4.0/../../../../avr/lib/avr5\libm.a(fp_nan.o)
 .text          0x00000000        0x0 c:/program files (x86)/atmel/studio/7.0/toolchain/avr8/avr8-gnu-toolchain/bin/../lib/gcc/avr/5.4.0/../../../../avr/lib/avr5\libm.a(fp_pscA.o)
 .data          0x00000000        0x0 c:/program files (x86)/atmel/studio/7.0/toolchain/avr8/avr8-gnu-toolchain/bin/../lib/gcc/avr/5.4.0/../../../../avr/lib/avr5\libm.a(fp_pscA.o)
 .bss           0x00000000        0x0 c:/program files (x86)/atmel/studio/7.0/toolchain/avr8/avr8-gnu-toolchain/bin/../lib/gcc/avr/5.4.0/../../../../avr/lib/avr5\libm.a(fp_pscA.o)
 .text.avr-libc.fplib
                0x00000000        0xe c:/program files (x86)/atmel/studio/7.0/toolchain/avr8/avr8-gnu-toolchain/bin/../lib/gcc/avr/5.4.0/../../../../avr/lib/avr5\libm.a(fp_pscA.o)
 .text          0x00000000        0x0 c:/program files (x86)/atmel/studio/7.0/toolchain/avr8/avr8-gnu-toolchain/bin/../lib/gcc/avr/5.4.0/../../../../avr/lib/avr5\libm.a(fp_pscB.o)
 .data          0x00000000        0x0 c:/program files (x86)/atmel/studio/7.0/toolchain/avr8/avr8-gnu-toolchain/bin/../lib/gcc/avr/5.4.0/../../../../avr/lib/avr5\libm.a(fp_pscB.o)
 .bss           0x00000000        0x0 c:/program files (x86)/atmel/studio/7.0/toolchain/avr8/avr8-gnu-toolchain/bin/../lib/gcc/avr/5.4.0/../../../../avr/lib/avr5\libm.a(fp_pscB.o)
 .text.avr-libc.fplib
                0x00000000        0xe c:/program files (x86)/atmel/studio/7.0/toolchain/avr8/avr8-gnu-toolchain/bin/../lib/gcc/avr/5.4.0/../../../../avr/lib/avr5\libm.a(fp_pscB.o)
 .text          0x00000000        0x0 c:/program files (x86)/atmel/studio/7.0/toolchain/avr8/avr8-gnu-toolchain/bin/../lib/gcc/avr/5.4.0/../../../../avr/lib/avr5\libm.a(fp_round.o)
 .data          0x00000000        0x0 c:/program files (x86)/atmel/studio/7.0/toolchain/avr8/avr8-gnu-toolchain/bin/../lib/gcc/avr/5.4.0/../../../../avr/lib/avr5\libm.a(fp_round.o)
 .bss           0x00000000        0x0 c:/program files (x86)/atmel/studio/7.0/toolchain/avr8/avr8-gnu-toolchain/bin/../lib/gcc/avr/5.4.0/../../../../avr/lib/avr5\libm.a(fp_round.o)
 .text.avr-libc.fplib
                0x00000000       0x22 c:/program files (x86)/atmel/studio/7.0/toolchain/avr8/avr8-gnu-toolchain/bin/../lib/gcc/avr/5.4.0/../../../../avr/lib/avr5\libm.a(fp_round.o)
 .text          0x00000000        0x0 c:/program files (x86)/atmel/studio/7.0/toolchain/avr8/avr8-gnu-toolchain/bin/../lib/gcc/avr/5.4.0/../../../../avr/lib/avr5\libm.a(fp_split3.o)
 .data          0x00000000        0x0 c:/program files (x86)/atmel/studio/7.0/toolchain/avr8/avr8-gnu-toolchain/bin/../lib/gcc/avr/5.4.0/../../../../avr/lib/avr5\libm.a(fp_split3.o)
 .bss           0x00000000        0x0 c:/program files (x86)/atmel/studio/7.0/toolchain/avr8/avr8-gnu-toolchain/bin/../lib/gcc/avr/5.4.0/../../../../avr/lib/avr5\libm.a(fp_split3.o)
 .text.avr-libc.fplib
                0x00000000       0x44 c:/program files (x86)/atmel/studio/7.0/toolchain/avr8/avr8-gnu-toolchain/bin/../lib/gcc/avr/5.4.0/../../../../avr/lib/avr5\libm.a(fp_split3.o)
 .text          0x00000000        0x0 c:/program files (x86)/atmel/studio/7.0/toolchain/avr8/avr8-gnu-toolchain/bin/../lib/gcc/avr/5.4.0/../../../../avr/lib/avr5\libm.a(fp_zero.o)
 .data          0x00000000        0x0 c:/program files (x86)/atmel/studio/7.0/toolchain/avr8/avr8-gnu-toolchain/bin/../lib/gcc/avr/5.4.0/../../../../avr/lib/avr5\libm.a(fp_zero.o)
 .bss           0x00000000        0x0 c:/program files (x86)/atmel/studio/7.0/toolchain/avr8/avr8-gnu-toolchain/bin/../lib/gcc/avr/5.4.0/../../../../avr/lib/avr5\libm.a(fp_zero.o)
 .text.avr-libc.fplib
                0x00000000        0xe c:/program files (x86)/atmel/studio/7.0/toolchain/avr8/avr8-gnu-toolchain/bin/../lib/gcc/avr/5.4.0/../../../../avr/lib/avr5\libm.a(fp_zero.o)
 .text          0x00000000        0x0 c:/program files (x86)/atmel/studio/7.0/toolchain/avr8/avr8-gnu-toolchain/bin/../lib/gcc/avr/5.4.0/../../../../avr/lib/avr5\libm.a(gesf2.o)
 .data          0x00000000        0x0 c:/program files (x86)/atmel/studio/7.0/toolchain/avr8/avr8-gnu-toolchain/bin/../lib/gcc/avr/5.4.0/../../../../avr/lib/avr5\libm.a(gesf2.o)
 .bss           0x00000000        0x0 c:/program files (x86)/atmel/studio/7.0/toolchain/avr8/avr8-gnu-toolchain/bin/../lib/gcc/avr/5.4.0/../../../../avr/lib/avr5\libm.a(gesf2.o)
 .text.avr-libc.fplib
                0x00000000        0xa c:/program files (x86)/atmel/studio/7.0/toolchain/avr8/avr8-gnu-toolchain/bin/../lib/gcc/avr/5.4.0/../../../../avr/lib/avr5\libm.a(gesf2.o)
 .text          0x00000000        0x0 c:/program files (x86)/atmel/studio/7.0/toolchain/avr8/avr8-gnu-toolchain/bin/../lib/gcc/avr/5.4.0/../../../../avr/lib/avr5\libm.a(mulsf3.o)
 .data          0x00000000        0x0 c:/program files (x86)/atmel/studio/7.0/toolchain/avr8/avr8-gnu-toolchain/bin/../lib/gcc/avr/5.4.0/../../../../avr/lib/avr5\libm.a(mulsf3.o)
 .bss           0x00000000        0x0 c:/program files (x86)/atmel/studio/7.0/toolchain/avr8/avr8-gnu-toolchain/bin/../lib/gcc/avr/5.4.0/../../../../avr/lib/avr5\libm.a(mulsf3.o)
 .text.avr-libc.fplib
                0x00000000        0x8 c:/program files (x86)/atmel/studio/7.0/toolchain/avr8/avr8-gnu-toolchain/bin/../lib/gcc/avr/5.4.0/../../../../avr/lib/avr5\libm.a(mulsf3.o)
 .text          0x00000000        0x0 c:/program files (x86)/atmel/studio/7.0/toolchain/avr8/avr8-gnu-toolchain/bin/../lib/gcc/avr/5.4.0/../../../../avr/lib/avr5\libm.a(mulsf3x.o)
 .data          0x00000000        0x0 c:/program files (x86)/atmel/studio/7.0/toolchain/avr8/avr8-gnu-toolchain/bin/../lib/gcc/avr/5.4.0/../../../../avr/lib/avr5\libm.a(mulsf3x.o)
 .bss           0x00000000        0x0 c:/program files (x86)/atmel/studio/7.0/toolchain/avr8/avr8-gnu-toolchain/bin/../lib/gcc/avr/5.4.0/../../../../avr/lib/avr5\libm.a(mulsf3x.o)
 .text.avr-libc.fplib
                0x00000000       0xd2 c:/program files (x86)/atmel/studio/7.0/toolchain/avr8/avr8-gnu-toolchain/bin/../lib/gcc/avr/5.4.0/../../../../avr/lib/avr5\libm.a(mulsf3x.o)
 .text          0x00000000        0x0 c:/program files (x86)/atmel/studio/7.0/toolchain/avr8/avr8-gnu-toolchain/bin/../lib/gcc/avr/5.4.0/avr5\libgcc.a(_exit.o)
 .data          0x00000000        0x0 c:/program files (x86)/atmel/studio/7.0/toolchain/avr8/avr8-gnu-toolchain/bin/../lib/gcc/avr/5.4.0/avr5\libgcc.a(_exit.o)
 .bss           0x00000000        0x0 c:/program files (x86)/atmel/studio/7.0/toolchain/avr8/avr8-gnu-toolchain/bin/../lib/gcc/avr/5.4.0/avr5\libgcc.a(_exit.o)
 .text.libgcc.mul
                0x00000000        0x0 c:/program files (x86)/atmel/studio/7.0/toolchain/avr8/avr8-gnu-toolchain/bin/../lib/gcc/avr/5.4.0/avr5\libgcc.a(_exit.o)
 .text.libgcc.div
                0x00000000        0x0 c:/program files (x86)/atmel/studio/7.0/toolchain/avr8/avr8-gnu-toolchain/bin/../lib/gcc/avr/5.4.0/avr5\libgcc.a(_exit.o)
 .text.libgcc   0x00000000        0x0 c:/program files (x86)/atmel/studio/7.0/toolchain/avr8/avr8-gnu-toolchain/bin/../lib/gcc/avr/5.4.0/avr5\libgcc.a(_exit.o)
 .text.libgcc.prologue
                0x00000000        0x0 c:/program files (x86)/atmel/studio/7.0/toolchain/avr8/avr8-gnu-toolchain/bin/../lib/gcc/avr/5.4.0/avr5\libgcc.a(_exit.o)
 .text.libgcc.builtins
                0x00000000        0x0 c:/program files (x86)/atmel/studio/7.0/toolchain/avr8/avr8-gnu-toolchain/bin/../lib/gcc/avr/5.4.0/avr5\libgcc.a(_exit.o)
 .text.libgcc.fmul
                0x00000000        0x0 c:/program files (x86)/atmel/studio/7.0/toolchain/avr8/avr8-gnu-toolchain/bin/../lib/gcc/avr/5.4.0/avr5\libgcc.a(_exit.o)
 .text.libgcc.fixed
                0x00000000        0x0 c:/program files (x86)/atmel/studio/7.0/toolchain/avr8/avr8-gnu-toolchain/bin/../lib/gcc/avr/5.4.0/avr5\libgcc.a(_exit.o)
 .text          0x00000000        0x0 c:/program files (x86)/atmel/studio/7.0/toolchain/avr8/avr8-gnu-toolchain/bin/../lib/gcc/avr/5.4.0/avr5\libgcc.a(_tablejump2.o)
 .data          0x00000000        0x0 c:/program files (x86)/atmel/studio/7.0/toolchain/avr8/avr8-gnu-toolchain/bin/../lib/gcc/avr/5.4.0/avr5\libgcc.a(_tablejump2.o)
 .bss           0x00000000        0x0 c:/program files (x86)/atmel/studio/7.0/toolchain/avr8/avr8-gnu-toolchain/bin/../lib/gcc/avr/5.4.0/avr5\libgcc.a(_tablejump2.o)
 .text.libgcc.mul
                0x00000000        0x0 c:/program files (x86)/atmel/studio/7.0/toolchain/avr8/avr8-gnu-toolchain/bin/../lib/gcc/avr/5.4.0/avr5\libgcc.a(_tablejump2.o)
 .text.libgcc.div
                0x00000000        0x0 c:/program files (x86)/atmel/studio/7.0/toolchain/avr8/avr8-gnu-toolchain/bin/../lib/gcc/avr/5.4.0/avr5\libgcc.a(_tablejump2.o)
 .text.libgcc   0x00000000        0xc c:/program files (x86)/atmel/studio/7.0/toolchain/avr8/avr8-gnu-toolchain/bin/../lib/gcc/avr/5.4.0/avr5\libgcc.a(_tablejump2.o)
 .text.libgcc.prologue
                0x00000000        0x0 c:/program files (x86)/atmel/studio/7.0/toolchain/avr8/avr8-gnu-toolchain/bin/../lib/gcc/avr/5.4.0/avr5\libgcc.a(_tablejump2.o)
 .text.libgcc.builtins
                0x00000000        0x0 c:/program files (x86)/atmel/studio/7.0/toolchain/avr8/avr8-gnu-toolchain/bin/../lib/gcc/avr/5.4.0/avr5\libgcc.a(_tablejump2.o)
 .text.libgcc.fmul
                0x00000000        0x0 c:/program files (x86)/atmel/studio/7.0/toolchain/avr8/avr8-gnu-toolchain/bin/../lib/gcc/avr/5.4.0/avr5\libgcc.a(_tablejump2.o)
 .text.libgcc.fixed
                0x00000000        0x0 c:/program files (x86)/atmel/studio/7.0/toolchain/avr8/avr8-gnu-toolchain/bin/../lib/gcc/avr/5.4.0/avr5\libgcc.a(_tablejump2.o)
 .text          0x00000000        0x0 c:/program files (x86)/atmel/studio/7.0/toolchain/avr8/avr8-gnu-toolchain/bin/../lib/gcc/avr/5.4.0/avr5\libgcc.a(_copy_data.o)
 .data          0x00000000        0x0 c:/program files (x86)/atmel/studio/7.0/toolchain/avr8/avr8-gnu-toolchain/bin/../lib/gcc/avr/5.4.0/avr5\libgcc.a(_copy_data.o)
 .bss           0x00000000        0x0 c:/program files (x86)/atmel/studio/7.0/toolchain/avr8/avr8-gnu-toolchain/bin/../lib/gcc/avr/5.4.0/avr5\libgcc.a(_copy_data.o)
 .text.libgcc.mul
                0x00000000        0x0 c:/program files (x86)/atmel/studio/7.0/toolchain/avr8/avr8-gnu-toolchain/bin/../lib/gcc/avr/5.4.0/avr5\libgcc.a(_copy_data.o)
 .text.libgcc.div
                0x00000000        0x0 c:/program files (x86)/atmel/studio/7.0/toolchain/avr8/avr8-gnu-toolchain/bin/../lib/gcc/avr/5.4.0/avr5\libgcc.a(_copy_data.o)
 .text.libgcc   0x00000000        0x0 c:/program files (x86)/atmel/studio/7.0/toolchain/avr8/avr8-gnu-toolchain/bin/../lib/gcc/avr/5.4.0/avr5\libgcc.a(_copy_data.o)
 .text.libgcc.prologue
                0x00000000        0x0 c:/program files (x86)/atmel/studio/7.0/toolchain/avr8/avr8-gnu-toolchain/bin/../lib/gcc/avr/5.4.0/avr5\libgcc.a(_copy_data.o)
 .text.libgcc.builtins
                0x00000000        0x0 c:/program files (x86)/atmel/studio/7.0/toolchain/avr8/avr8-gnu-toolchain/bin/../lib/gcc/avr/5.4.0/avr5\libgcc.a(_copy_data.o)
 .text.libgcc.fmul
                0x00000000        0x0 c:/program files (x86)/atmel/studio/7.0/toolchain/avr8/avr8-gnu-toolchain/bin/../lib/gcc/avr/5.4.0/avr5\libgcc.a(_copy_data.o)
 .text.libgcc.fixed
                0x00000000        0x0 c:/program files (x86)/atmel/studio/7.0/toolchain/avr8/avr8-gnu-toolchain/bin/../lib/gcc/avr/5.4.0/avr5\libgcc.a(_copy_data.o)
 .text          0x00000000        0x0 c:/program files (x86)/atmel/studio/7.0/toolchain/avr8/avr8-gnu-toolchain/bin/../lib/gcc/avr/5.4.0/avr5\libgcc.a(_clear_bss.o)
 .data          0x00000000        0x0 c:/program files (x86)/atmel/studio/7.0/toolchain/avr8/avr8-gnu-toolchain/bin/../lib/gcc/avr/5.4.0/avr5\libgcc.a(_clear_bss.o)
 .bss           0x00000000        0x0 c:/program files (x86)/atmel/studio/7.0/toolchain/avr8/avr8-gnu-toolchain/bin/../lib/gcc/avr/5.4.0/avr5\libgcc.a(_clear_bss.o)
 .text.libgcc.mul
                0x00000000        0x0 c:/program files (x86)/atmel/studio/7.0/toolchain/avr8/avr8-gnu-toolchain/bin/../lib/gcc/avr/5.4.0/avr5\libgcc.a(_clear_bss.o)
 .text.libgcc.div
                0x00000000        0x0 c:/program files (x86)/atmel/studio/7.0/toolchain/avr8/avr8-gnu-toolchain/bin/../lib/gcc/avr/5.4.0/avr5\libgcc.a(_clear_bss.o)
 .text.libgcc   0x00000000        0x0 c:/program files (x86)/atmel/studio/7.0/toolchain/avr8/avr8-gnu-toolchain/bin/../lib/gcc/avr/5.4.0/avr5\libgcc.a(_clear_bss.o)
 .text.libgcc.prologue
                0x00000000        0x0 c:/program files (x86)/atmel/studio/7.0/toolchain/avr8/avr8-gnu-toolchain/bin/../lib/gcc/avr/5.4.0/avr5\libgcc.a(_clear_bss.o)
 .text.libgcc.builtins
                0x00000000        0x0 c:/program files (x86)/atmel/studio/7.0/toolchain/avr8/avr8-gnu-toolchain/bin/../lib/gcc/avr/5.4.0/avr5\libgcc.a(_clear_bss.o)
 .text.libgcc.fmul
                0x00000000        0x0 c:/program files (x86)/atmel/studio/7.0/toolchain/avr8/avr8-gnu-toolchain/bin/../lib/gcc/avr/5.4.0/avr5\libgcc.a(_clear_bss.o)
 .text.libgcc.fixed
                0x00000000        0x0 c:/program files (x86)/atmel/studio/7.0/toolchain/avr8/avr8-gnu-toolchain/bin/../lib/gcc/avr/5.4.0/avr5\libgcc.a(_clear_bss.o)
 .text          0x00000000        0x0 c:/program files (x86)/atmel/studio/7.0/toolchain/avr8/avr8-gnu-toolchain/bin/../lib/gcc/avr/5.4.0/../../../../avr/lib/avr5\libc.a(strcmp.o)
 .data          0x00000000        0x0 c:/program files (x86)/atmel/studio/7.0/toolchain/avr8/avr8-gnu-toolchain/bin/../lib/gcc/avr/5.4.0/../../../../avr/lib/avr5\libc.a(strcmp.o)
 .bss           0x00000000        0x0 c:/program files (x86)/atmel/studio/7.0/toolchain/avr8/avr8-gnu-toolchain/bin/../lib/gcc/avr/5.4.0/../../../../avr/lib/avr5\libc.a(strcmp.o)
 .text.avr-libc
                0x00000000       0x12 c:/program files (x86)/atmel/studio/7.0/toolchain/avr8/avr8-gnu-toolchain/bin/../lib/gcc/avr/5.4.0/../../../../avr/lib/avr5\libc.a(strcmp.o)
 .text          0x00000000        0x0 c:/program files (x86)/atmel/studio/7.0/toolchain/avr8/avr8-gnu-toolchain/bin/../lib/gcc/avr/5.4.0/../../../../avr/lib/avr5\libc.a(strncpy.o)
 .data          0x00000000        0x0 c:/program files (x86)/atmel/studio/7.0/toolchain/avr8/avr8-gnu-toolchain/bin/../lib/gcc/avr/5.4.0/../../../../avr/lib/avr5\libc.a(strncpy.o)
 .bss           0x00000000        0x0 c:/program files (x86)/atmel/studio/7.0/toolchain/avr8/avr8-gnu-toolchain/bin/../lib/gcc/avr/5.4.0/../../../../avr/lib/avr5\libc.a(strncpy.o)
 .text.avr-libc
                0x00000000       0x1e c:/program files (x86)/atmel/studio/7.0/toolchain/avr8/avr8-gnu-toolchain/bin/../lib/gcc/avr/5.4.0/../../../../avr/lib/avr5\libc.a(strncpy.o)
 .text          0x00000000        0x0 c:/program files (x86)/atmel/studio/7.0/toolchain/avr8/avr8-gnu-toolchain/bin/../lib/gcc/avr/5.4.0/../../../../avr/lib/avr5\libc.a(snprintf.o)
 .data          0x00000000        0x0 c:/program files (x86)/atmel/studio/7.0/toolchain/avr8/avr8-gnu-toolchain/bin/../lib/gcc/avr/5.4.0/../../../../avr/lib/avr5\libc.a(snprintf.o)
 .bss           0x00000000        0x0 c:/program files (x86)/atmel/studio/7.0/toolchain/avr8/avr8-gnu-toolchain/bin/../lib/gcc/avr/5.4.0/../../../../avr/lib/avr5\libc.a(snprintf.o)
 .text.avr-libc
                0x00000000       0x60 c:/program files (x86)/atmel/studio/7.0/toolchain/avr8/avr8-gnu-toolchain/bin/../lib/gcc/avr/5.4.0/../../../../avr/lib/avr5\libc.a(snprintf.o)
 .comment       0x00000000       0x31 c:/program files (x86)/atmel/studio/7.0/toolchain/avr8/avr8-gnu-toolchain/bin/../lib/gcc/avr/5.4.0/../../../../avr/lib/avr5\libc.a(snprintf.o)
 .text          0x00000000        0x0 c:/program files (x86)/atmel/studio/7.0/toolchain/avr8/avr8-gnu-toolchain/bin/../lib/gcc/avr/5.4.0/../../../../avr/lib/avr5\libc.a(sprintf.o)
 .data          0x00000000        0x0 c:/program files (x86)/atmel/studio/7.0/toolchain/avr8/avr8-gnu-toolchain/bin/../lib/gcc/avr/5.4.0/../../../../avr/lib/avr5\libc.a(sprintf.o)
 .bss           0x00000000        0x0 c:/program files (x86)/atmel/studio/7.0/toolchain/avr8/avr8-gnu-toolchain/bin/../lib/gcc/avr/5.4.0/../../../../avr/lib/avr5\libc.a(sprintf.o)
 .text.avr-libc
                0x00000000       0x44 c:/program files (x86)/atmel/studio/7.0/toolchain/avr8/avr8-gnu-toolchain/bin/../lib/gcc/avr/5.4.0/../../../../avr/lib/avr5\libc.a(sprintf.o)
 .comment       0x00000000       0x31 c:/program files (x86)/atmel/studio/7.0/toolchain/avr8/avr8-gnu-toolchain/bin/../lib/gcc/avr/5.4.0/../../../../avr/lib/avr5\libc.a(sprintf.o)
 .text          0x00000000        0x0 c:/program files (x86)/atmel/studio/7.0/toolchain/avr8/avr8-gnu-toolchain/bin/../lib/gcc/avr/5.4.0/../../../../avr/lib/avr5\libc.a(vfprintf_std.o)
 .data          0x00000000        0x0 c:/program files (x86)/atmel/studio/7.0/toolchain/avr8/avr8-gnu-toolchain/bin/../lib/gcc/avr/5.4.0/../../../../avr/lib/avr5\libc.a(vfprintf_std.o)
 .bss           0x00000000        0x0 c:/program files (x86)/atmel/studio/7.0/toolchain/avr8/avr8-gnu-toolchain/bin/../lib/gcc/avr/5.4.0/../../../../avr/lib/avr5\libc.a(vfprintf_std.o)
 .text.avr-libc
                0x00000000      0x3c2 c:/program files (x86)/atmel/studio/7.0/toolchain/avr8/avr8-gnu-toolchain/bin/../lib/gcc/avr/5.4.0/../../../../avr/lib/avr5\libc.a(vfprintf_std.o)
 .comment       0x00000000       0x2d c:/program files (x86)/atmel/studio/7.0/toolchain/avr8/avr8-gnu-toolchain/bin/../lib/gcc/avr/5.4.0/../../../../avr/lib/avr5\libc.a(vfprintf_std.o)
 .text          0x00000000        0x0 c:/program files (x86)/atmel/studio/7.0/toolchain/avr8/avr8-gnu-toolchain/bin/../lib/gcc/avr/5.4.0/../../../../avr/lib/avr5\libc.a(strnlen_P.o)
 .data          0x00000000        0x0 c:/program files (x86)/atmel/studio/7.0/toolchain/avr8/avr8-gnu-toolchain/bin/../lib/gcc/avr/5.4.0/../../../../avr/lib/avr5\libc.a(strnlen_P.o)
 .bss           0x00000000        0x0 c:/program files (x86)/atmel/studio/7.0/toolchain/avr8/avr8-gnu-toolchain/bin/../lib/gcc/avr/5.4.0/../../../../avr/lib/avr5\libc.a(strnlen_P.o)
 .text.avr-libc
                0x00000000       0x16 c:/program files (x86)/atmel/studio/7.0/toolchain/avr8/avr8-gnu-toolchain/bin/../lib/gcc/avr/5.4.0/../../../../avr/lib/avr5\libc.a(strnlen_P.o)
 .text          0x00000000        0x0 c:/program files (x86)/atmel/studio/7.0/toolchain/avr8/avr8-gnu-toolchain/bin/../lib/gcc/avr/5.4.0/../../../../avr/lib/avr5\libc.a(strnlen.o)
 .data          0x00000000        0x0 c:/program files (x86)/atmel/studio/7.0/toolchain/avr8/avr8-gnu-toolchain/bin/../lib/gcc/avr/5.4.0/../../../../avr/lib/avr5\libc.a(strnlen.o)
 .bss           0x00000000        0x0 c:/program files (x86)/atmel/studio/7.0/toolchain/avr8/avr8-gnu-toolchain/bin/../lib/gcc/avr/5.4.0/../../../../avr/lib/avr5\libc.a(strnlen.o)
 .text.avr-libc
                0x00000000       0x16 c:/program files (x86)/atmel/studio/7.0/toolchain/avr8/avr8-gnu-toolchain/bin/../lib/gcc/avr/5.4.0/../../../../avr/lib/avr5\libc.a(strnlen.o)
 .text          0x00000000        0x0 c:/program files (x86)/atmel/studio/7.0/toolchain/avr8/avr8-gnu-toolchain/bin/../lib/gcc/avr/5.4.0/../../../../avr/lib/avr5\libc.a(fputc.o)
 .data          0x00000000        0x0 c:/program files (x86)/atmel/studio/7.0/toolchain/avr8/avr8-gnu-toolchain/bin/../lib/gcc/avr/5.4.0/../../../../avr/lib/avr5\libc.a(fputc.o)
 .bss           0x00000000        0x0 c:/program files (x86)/atmel/studio/7.0/toolchain/avr8/avr8-gnu-toolchain/bin/../lib/gcc/avr/5.4.0/../../../../avr/lib/avr5\libc.a(fputc.o)
 .text.avr-libc
                0x00000000       0x78 c:/program files (x86)/atmel/studio/7.0/toolchain/avr8/avr8-gnu-toolchain/bin/../lib/gcc/avr/5.4.0/../../../../avr/lib/avr5\libc.a(fputc.o)
 .comment       0x00000000       0x31 c:/program files (x86)/atmel/studio/7.0/toolchain/avr8/avr8-gnu-toolchain/bin/../lib/gcc/avr/5.4.0/../../../../avr/lib/avr5\libc.a(fputc.o)
 .text          0x00000000        0x0 c:/program files (x86)/atmel/studio/7.0/toolchain/avr8/avr8-gnu-toolchain/bin/../lib/gcc/avr/5.4.0/../../../../avr/lib/avr5\libc.a(ultoa_invert.o)
 .data          0x00000000        0x0 c:/program files (x86)/atmel/studio/7.0/toolchain/avr8/avr8-gnu-toolchain/bin/../lib/gcc/avr/5.4.0/../../../../avr/lib/avr5\libc.a(ultoa_invert.o)
 .bss           0x00000000        0x0 c:/program files (x86)/atmel/studio/7.0/toolchain/avr8/avr8-gnu-toolchain/bin/../lib/gcc/avr/5.4.0/../../../../avr/lib/avr5\libc.a(ultoa_invert.o)
 .text.avr-libc
                0x00000000       0xbc c:/program files (x86)/atmel/studio/7.0/toolchain/avr8/avr8-gnu-toolchain/bin/../lib/gcc/avr/5.4.0/../../../../avr/lib/avr5\libc.a(ultoa_invert.o)
 .text          0x00000000        0x0 c:/program files (x86)/atmel/studio/7.0/toolchain/avr8/avr8-gnu-toolchain/bin/../lib/gcc/avr/5.4.0/avr5\libgcc.a(_prologue.o)
 .data          0x00000000        0x0 c:/program files (x86)/atmel/studio/7.0/toolchain/avr8/avr8-gnu-toolchain/bin/../lib/gcc/avr/5.4.0/avr5\libgcc.a(_prologue.o)
 .bss           0x00000000        0x0 c:/program files (x86)/atmel/studio/7.0/toolchain/avr8/avr8-gnu-toolchain/bin/../lib/gcc/avr/5.4.0/avr5\libgcc.a(_prologue.o)
 .text.libgcc.mul
                0x00000000        0x0 c:/program files (x86)/atmel/studio/7.0/toolchain/avr8/avr8-gnu-toolchain/bin/../lib/gcc/avr/5.4.0/avr5\libgcc.a(_prologue.o)
 .text.libgcc.div
                0x00000000        0x0 c:/program files (x86)/atmel/studio/7.0/toolchain/avr8/avr8-gnu-toolchain/bin/../lib/gcc/avr/5.4.0/avr5\libgcc.a(_prologue.o)
 .text.libgcc   0x00000000        0x0 c:/program files (x86)/atmel/studio/7.0/toolchain/avr8/avr8-gnu-toolchain/bin/../lib/gcc/avr/5.4.0/avr5\libgcc.a(_prologue.o)
 .text.libgcc.prologue
                0x00000000       0x38 c:/program files (x86)/atmel/studio/7.0/toolchain/avr8/avr8-gnu-toolchain/bin/../lib/gcc/avr/5.4.0/avr5\libgcc.a(_prologue.o)
 .text.libgcc.builtins
                0x00000000        0x0 c:/program files (x86)/atmel/studio/7.0/toolchain/avr8/avr8-gnu-toolchain/bin/../lib/gcc/avr/5.4.0/avr5\libgcc.a(_prologue.o)
 .text.libgcc.fmul
                0x00000000        0x0 c:/program files (x86)/atmel/studio/7.0/toolchain/avr8/avr8-gnu-toolchain/bin/../lib/gcc/avr/5.4.0/avr5\libgcc.a(_prologue.o)
 .text.libgcc.fixed
                0x00000000        0x0 c:/program files (x86)/atmel/studio/7.0/toolchain/avr8/avr8-gnu-toolchain/bin/../lib/gcc/avr/5.4.0/avr5\libgcc.a(_prologue.o)
 .text          0x00000000        0x0 c:/program files (x86)/atmel/studio/7.0/toolchain/avr8/avr8-gnu-toolchain/bin/../lib/gcc/avr/5.4.0/avr5\libgcc.a(_epilogue.o)
 .data          0x00000000        0x0 c:/program files (x86)/atmel/studio/7.0/toolchain/avr8/avr8-gnu-toolchain/bin/../lib/gcc/avr/5.4.0/avr5\libgcc.a(_epilogue.o)
 .bss           0x00000000        0x0 c:/program files (x86)/atmel/studio/7.0/toolchain/avr8/avr8-gnu-toolchain/bin/../lib/gcc/avr/5.4.0/avr5\libgcc.a(_epilogue.o)
 .text.libgcc.mul
                0x00000000        0x0 c:/program files (x86)/atmel/studio/7.0/toolchain/avr8/avr8-gnu-toolchain/bin/../lib/gcc/avr/5.4.0/avr5\libgcc.a(_epilogue.o)
 .text.libgcc.div
                0x00000000        0x0 c:/program files (x86)/atmel/studio/7.0/toolchain/avr8/avr8-gnu-toolchain/bin/../lib/gcc/avr/5.4.0/avr5\libgcc.a(_epilogue.o)
 .text.libgcc   0x00000000        0x0 c:/program files (x86)/atmel/studio/7.0/toolchain/avr8/avr8-gnu-toolchain/bin/../lib/gcc/avr/5.4.0/avr5\libgcc.a(_epilogue.o)
 .text.libgcc.prologue
                0x00000000       0x36 c:/program files (x86)/atmel/studio/7.0/toolchain/avr8/avr8-gnu-toolchain/bin/../lib/gcc/avr/5.4.0/avr5\libgcc.a(_epilogue.o)
 .text.libgcc.builtins
                0x00000000        0x0 c:/program files (x86)/atmel/studio/7.0/toolchain/avr8/avr8-gnu-toolchain/bin/../lib/gcc/avr/5.4.0/avr5\libgcc.a(_epilogue.o)
 .text.libgcc.fmul
                0x00000000        0x0 c:/program files (x86)/atmel/studio/7.0/toolchain/avr8/avr8-gnu-toolchain/bin/../lib/gcc/avr/5.4.0/avr5\libgcc.a(_epilogue.o)
 .text.libgcc.fixed
                0x00000000        0x0 c:/program files (x86)/atmel/studio/7.0/toolchain/avr8/avr8-gnu-toolchain/bin/../lib/gcc/avr/5.4.0/avr5\libgcc.a(_epilogue.o)

Memory Configuration

Name             Origin             Length             Attributes
text             0x00000000         0x00008000         xr
data             0x00800060         0x00000800         rw !x
eeprom           0x00810000         0x00000400         rw !x
fuse             0x00820000         0x00000002         rw !x
lock             0x00830000         0x00000400         rw !x
signature        0x00840000         0x00000400         rw !x
user_signatures  0x00850000         0x00000400         rw !x
*default*        0x00000000         0xffffffff

Linker script and memory map

LOAD C:/Program Files (x86)/Atmel/Studio/7.0/Packs/atmel/ATmega_DFP/1.7.374/gcc/dev/atmega32a/avr5/crtatmega32a.o
LOAD Source/APP/main.o
LOAD Source/HAL/Buzzer/Source/buzzer.o
LOAD Source/HAL/DC_Motor/Source/dc.o
LOAD Source/HAL/Dimmer/Source/dimmer.o
LOAD Source/HAL/Keypad/Source/keypad.o
LOAD Source/HAL/L293D/Source/l293d.o
LOAD Source/HAL/Lamp/Source/lamp.o
LOAD Source/HAL/LCD/Source/lcd.o
LOAD Source/HAL/LCD/Source/lcd_cfg.o
LOAD Source/HAL/LM35/Source/lm35.o
LOAD Source/HAL/MM74C922/Source/MM74C922.o
LOAD Source/HAL/POT/Source/pot.o
LOAD Source/HAL/Relay/Source/relay.o
LOAD Source/HAL/Servo/Source/servo.o
LOAD Source/MCAL/ADC/Source/adc.o
LOAD Source/MCAL/DIO/Source/dio.o
LOAD Source/MCAL/EEPROM/Source/eeprom.o
LOAD Source/MCAL/GIE/Source/gie.o
LOAD Source/MCAL/Timer0/Source/timer0.o
LOAD Source/MCAL/Timer1/Source/timer1.o
LOAD Source/MCAL/Timer2/Source/timer2.o
LOAD Source/MCAL/UART/Source/uart.o
LOAD Source/SERVICE/AC/Source/ac.o
LOAD Source/SERVICE/LocalMode_DB/Source/localDB.o
LOAD Source/SERVICE/LocalMode_Menu/Source/localMenu.o
START GROUP
LOAD c:/program files (x86)/atmel/studio/7.0/toolchain/avr8/avr8-gnu-toolchain/bin/../lib/gcc/avr/5.4.0/../../../../avr/lib/avr5\libm.a
END GROUP
START GROUP
LOAD c:/program files (x86)/atmel/studio/7.0/toolchain/avr8/avr8-gnu-toolchain/bin/../lib/gcc/avr/5.4.0/avr5\libgcc.a
LOAD c:/program files (x86)/atmel/studio/7.0/toolchain/avr8/avr8-gnu-toolchain/bin/../lib/gcc/avr/5.4.0/../../../../avr/lib/avr5\libm.a
LOAD c:/program files (x86)/atmel/studio/7.0/toolchain/avr8/avr8-gnu-toolchain/bin/../lib/gcc/avr/5.4.0/../../../../avr/lib/avr5\libc.a
LOAD C:/Program Files (x86)/Atmel/Studio/7.0/Packs/atmel/ATmega_DFP/1.7.374/gcc/dev/atmega32a/avr5\libatmega32a.a
END GROUP
                [0x00000000]                __TEXT_REGION_ORIGIN__ = DEFINED (__TEXT_REGION_ORIGIN__)?__TEXT_REGION_ORIGIN__:0x0
                [0x00800060]                __DATA_REGION_ORIGIN__ = DEFINED (__DATA_REGION_ORIGIN__)?__DATA_REGION_ORIGIN__:0x800060
                [0x00008000]                __TEXT_REGION_LENGTH__ = DEFINED (__TEXT_REGION_LENGTH__)?__TEXT_REGION_LENGTH__:0x20000
                [0x00000800]                __DATA_REGION_LENGTH__ = DEFINED (__DATA_REGION_LENGTH__)?__DATA_REGION_LENGTH__:0xffa0
                [0x00000400]                __EEPROM_REGION_LENGTH__ = DEFINED (__EEPROM_REGION_LENGTH__)?__EEPROM_REGION_LENGTH__:0x10000
                [0x00000002]                __FUSE_REGION_LENGTH__ = DEFINED (__FUSE_REGION_LENGTH__)?__FUSE_REGION_LENGTH__:0x400
                0x00000400                __LOCK_REGION_LENGTH__ = DEFINED (__LOCK_REGION_LENGTH__)?__LOCK_REGION_LENGTH__:0x400
                0x00000400                __SIGNATURE_REGION_LENGTH__ = DEFINED (__SIGNATURE_REGION_LENGTH__)?__SIGNATURE_REGION_LENGTH__:0x400
                0x00000400                __USER_SIGNATURE_REGION_LENGTH__ = DEFINED (__USER_SIGNATURE_REGION_LENGTH__)?__USER_SIGNATURE_REGION_LENGTH__:0x400

.hash
 *(.hash)

.dynsym
 *(.dynsym)

.dynstr
 *(.dynstr)

.gnu.version
 *(.gnu.version)

.gnu.version_d
 *(.gnu.version_d)

.gnu.version_r
 *(.gnu.version_r)

.rel.init
 *(.rel.init)

.rela.init
 *(.rela.init)

.rel.text
 *(.rel.text)
 *(.rel.text.*)
 *(.rel.gnu.linkonce.t*)

.rela.text
 *(.rela.text)
 *(.rela.text.*)
 *(.rela.gnu.linkonce.t*)

.rel.fini
 *(.rel.fini)

.rela.fini
 *(.rela.fini)

.rel.rodata
 *(.rel.rodata)
 *(.rel.rodata.*)
 *(.rel.gnu.linkonce.r*)

.rela.rodata
 *(.rela.rodata)
 *(.rela.rodata.*)
 *(.rela.gnu.linkonce.r*)

.rel.data
 *(.rel.data)
 *(.rel.data.*)
 *(.rel.gnu.linkonce.d*)

.rela.data
 *(.rela.data)
 *(.rela.data.*)
 *(.rela.gnu.linkonce.d*)

.rel.ctors
 *(.rel.ctors)

.rela.ctors
 *(.rela.ctors)

.rel.dtors
 *(.rel.dtors)

.rela.dtors
 *(.rela.dtors)

.rel.got
 *(.rel.got)

.rela.got
 *(.rela.got)

.rel.bss
 *(.rel.bss)

.rela.bss
 *(.rela.bss)

.rel.plt
 *(.rel.plt)

.rela.plt
 *(.rela.plt)

.text           0x00000000      0x2c6
 *(.vectors)
 .vectors       0x00000000       0x54 C:/Program Files (x86)/Atmel/Studio/7.0/Packs/atmel/ATmega_DFP/1.7.374/gcc/dev/atmega32a/avr5/crtatmega32a.o
                0x00000000                __vector_default
                0x00000000                __vectors
 *(.vectors)
 *(.progmem.gcc*)
                0x00000054                . = ALIGN (0x2)
                0x00000054                __trampolines_start = .
 *(.trampolines)
 .trampolines   0x00000054        0x0 linker stubs
 *(.trampolines*)
                0x00000054                __trampolines_end = .
 *libprintf_flt.a:*(.progmem.data)
 *libc.a:*(.progmem.data)
 *(.progmem*)
                0x00000054                . = ALIGN (0x2)
 *(.jumptables)
 *(.jumptables*)
 *(.lowtext)
 *(.lowtext*)
                0x00000054                __ctors_start = .
 *(.ctors)
                0x00000054                __ctors_end = .
                0x00000054                __dtors_start = .
 *(.dtors)
                0x00000054                __dtors_end = .
 SORT(*)(.ctors)
 SORT(*)(.dtors)
 *(.init0)
 .init0         0x00000054        0x0 C:/Program Files (x86)/Atmel/Studio/7.0/Packs/atmel/ATmega_DFP/1.7.374/gcc/dev/atmega32a/avr5/crtatmega32a.o
                0x00000054                __init
 *(.init0)
 *(.init1)
 *(.init1)
 *(.init2)
 .init2         0x00000054        0xc C:/Program Files (x86)/Atmel/Studio/7.0/Packs/atmel/ATmega_DFP/1.7.374/gcc/dev/atmega32a/avr5/crtatmega32a.o
 *(.init2)
 *(.init3)
 *(.init3)
 *(.init4)
 .init4         0x00000060       0x16 c:/program files (x86)/atmel/studio/7.0/toolchain/avr8/avr8-gnu-toolchain/bin/../lib/gcc/avr/5.4.0/avr5\libgcc.a(_copy_data.o)
                0x00000060                __do_copy_data
 .init4         0x00000076       0x10 c:/program files (x86)/atmel/studio/7.0/toolchain/avr8/avr8-gnu-toolchain/bin/../lib/gcc/avr/5.4.0/avr5\libgcc.a(_clear_bss.o)
                0x00000076                __do_clear_bss
 *(.init4)
 *(.init5)
 *(.init5)
 *(.init6)
 *(.init6)
 *(.init7)
 *(.init7)
 *(.init8)
 *(.init8)
 *(.init9)
 .init9         0x00000086        0x8 C:/Program Files (x86)/Atmel/Studio/7.0/Packs/atmel/ATmega_DFP/1.7.374/gcc/dev/atmega32a/avr5/crtatmega32a.o
 *(.init9)
 *(.text)
 .text          0x0000008e        0x4 C:/Program Files (x86)/Atmel/Studio/7.0/Packs/atmel/ATmega_DFP/1.7.374/gcc/dev/atmega32a/avr5/crtatmega32a.o
                0x0000008e                __vector_1
                0x0000008e                __vector_12
                0x0000008e                __bad_interrupt
                0x0000008e                __vector_6
                0x0000008e                __vector_3
                0x0000008e                __vector_13
                0x0000008e                __vector_17
                0x0000008e                __vector_19
                0x0000008e                __vector_7
                0x0000008e                __vector_2
                0x0000008e                __vector_15
                0x0000008e                __vector_8
                0x0000008e                __vector_14
                0x0000008e                __vector_16
                0x0000008e                __vector_18
                0x0000008e                __vector_20
                0x00000092                . = ALIGN (0x2)
 *(.text.*)
 .text.main     0x00000092        0xa Source/APP/main.o
                0x00000092                main
 .text.__vector_11
                0x0000009c       0x6e Source/MCAL/Timer0/Source/timer0.o
                0x0000009c                __vector_11
 .text.__vector_10
                0x0000010a       0x6e Source/MCAL/Timer0/Source/timer0.o
                0x0000010a                __vector_10
 .text.__vector_9
                0x00000178       0x6e Source/MCAL/Timer1/Source/timer1.o
                0x00000178                __vector_9
 .text.__vector_5
                0x000001e6       0x6e Source/MCAL/Timer2/Source/timer2.o
                0x000001e6                __vector_5
 .text.__vector_4
                0x00000254       0x6e Source/MCAL/Timer2/Source/timer2.o
                0x00000254                __vector_4
                0x000002c2                . = ALIGN (0x2)
 *(.fini9)
 .fini9         0x000002c2        0x0 c:/program files (x86)/atmel/studio/7.0/toolchain/avr8/avr8-gnu-toolchain/bin/../lib/gcc/avr/5.4.0/avr5\libgcc.a(_exit.o)
                0x000002c2                _exit
                0x000002c2                exit
 *(.fini9)
 *(.fini8)
 *(.fini8)
 *(.fini7)
 *(.fini7)
 *(.fini6)
 *(.fini6)
 *(.fini5)
 *(.fini5)
 *(.fini4)
 *(.fini4)
 *(.fini3)
 *(.fini3)
 *(.fini2)
 *(.fini2)
 *(.fini1)
 *(.fini1)
 *(.fini0)
 .fini0         0x000002c2        0x4 c:/program files (x86)/atmel/studio/7.0/toolchain/avr8/avr8-gnu-toolchain/bin/../lib/gcc/avr/5.4.0/avr5\libgcc.a(_exit.o)
 *(.fini0)
                0x000002c6                _etext = .

.data           0x00800060        0x0 load address 0x000002c6
                0x00800060                PROVIDE (__data_start, .)
 *(.data)
 *(.data*)
 *(.gnu.linkonce.d*)
 *(.rodata)
 *(.rodata*)
 *(.gnu.linkonce.r*)
                0x00800060                . = ALIGN (0x2)
                0x00800060                _edata = .
                0x00800060                PROVIDE (__data_end, .)

.bss            0x00800060        0xa
                0x00800060                PROVIDE (__bss_start, .)
 *(.bss)
 *(.bss*)
 .bss.timer0OvClbkPtr
                0x00800060        0x2 Source/MCAL/Timer0/Source/timer0.o
                0x00800060                timer0OvClbkPtr
 .bss.timer0CTCClbkPtr
                0x00800062        0x2 Source/MCAL/Timer0/Source/timer0.o
                0x00800062                timer0CTCClbkPtr
 .bss.timer1OvClbkPtr
                0x00800064        0x2 Source/MCAL/Timer1/Source/timer1.o
                0x00800064                timer1OvClbkPtr
 .bss.timer2OvClbkPtr
                0x00800066        0x2 Source/MCAL/Timer2/Source/timer2.o
                0x00800066                timer2OvClbkPtr
 .bss.timer2CTCClbkPtr
                0x00800068        0x2 Source/MCAL/Timer2/Source/timer2.o
                0x00800068                timer2CTCClbkPtr
 *(COMMON)
                0x0080006a                PROVIDE (__bss_end, .)
                0x000002c6                __data_load_start = LOADADDR (.data)
                0x000002c6                __data_load_end = (__data_load_start + SIZEOF (.data))

.noinit         0x0080006a        0x0
                [!provide]                PROVIDE (__noinit_start, .)
 *(.noinit*)
                [!provide]                PROVIDE (__noinit_end, .)
                0x0080006a                _end = .
                [!provide]                PROVIDE (__heap_start, .)

.eeprom         0x00810000        0x0
 *(.eeprom*)
                0x00810000                __eeprom_end = .

.fuse
 *(.fuse)
 *(.lfuse)
 *(.hfuse)
 *(.efuse)

.lock
 *(.lock*)

.signature
 *(.signature*)

.user_signatures
 *(.user_signatures*)

.stab
 *(.stab)

.stabstr
 *(.stabstr)

.stab.excl
 *(.stab.excl)

.stab.exclstr
 *(.stab.exclstr)

.stab.index
 *(.stab.index)

.stab.indexstr
 *(.stab.indexstr)

.comment        0x00000000       0x30
 *(.comment)
 .comment       0x00000000       0x30 Source/APP/main.o
                                 0x31 (size before relaxing)
 .comment       0x00000030       0x31 Source/MCAL/Timer0/Source/timer0.o
 .comment       0x00000030       0x31 Source/MCAL/Timer1/Source/timer1.o
 .comment       0x00000030       0x31 Source/MCAL/Timer2/Source/timer2.o

.note.gnu.avr.deviceinfo
                0x00000000       0x3c
 .note.gnu.avr.deviceinfo
                0x00000000       0x3c C:/Program Files (x86)/Atmel/Studio/7.0/Packs/atmel/ATmega_DFP/1.7.374/gcc/dev/atmega32a/avr5/crtatmega32a.o

.note.gnu.build-id
 *(.note.gnu.build-id)

.debug
 *(.debug)

.line
 *(.line)

.debug_srcinfo
 *(.debug_srcinfo)

.debug_sfnames
 *(.debug_sfnames)

.debug_aranges  0x00000000      0x1b0
 *(.debug_aranges)
 .debug_aranges
                0x00000000       0x20 Source/APP/main.o
 .debug_aranges
                0x00000020       0x90 Source/MCAL/Timer0/Source/timer0.o
 .debug_aranges
                0x000000b0       0x70 Source/MCAL/Timer1/Source/timer1.o
 .debug_aranges
                0x00000120       0x90 Source/MCAL/Timer2/Source/timer2.o

.debug_pubnames
 *(.debug_pubnames)

.debug_info     0x00000000      0xd3f
 *(.debug_info .gnu.linkonce.wi.*)
 .debug_info    0x00000000      0x4e6 C:/Program Files (x86)/Atmel/Studio/7.0/Packs/atmel/ATmega_DFP/1.7.374/gcc/dev/atmega32a/avr5/crtatmega32a.o
 .debug_info    0x000004e6       0x98 Source/APP/main.o
 .debug_info    0x0000057e      0x2b6 Source/MCAL/Timer0/Source/timer0.o
 .debug_info    0x00000834      0x255 Source/MCAL/Timer1/Source/timer1.o
 .debug_info    0x00000a89      0x2b6 Source/MCAL/Timer2/Source/timer2.o

.debug_abbrev   0x00000000      0x770
 *(.debug_abbrev)
 .debug_abbrev  0x00000000      0x4a3 C:/Program Files (x86)/Atmel/Studio/7.0/Packs/atmel/ATmega_DFP/1.7.374/gcc/dev/atmega32a/avr5/crtatmega32a.o
 .debug_abbrev  0x000004a3       0x46 Source/APP/main.o
 .debug_abbrev  0x000004e9       0xdc Source/MCAL/Timer0/Source/timer0.o
 .debug_abbrev  0x000005c5       0xcf Source/MCAL/Timer1/Source/timer1.o
 .debug_abbrev  0x00000694       0xdc Source/MCAL/Timer2/Source/timer2.o

.debug_line     0x00000000      0x7a7
 *(.debug_line .debug_line.* .debug_line_end)
 .debug_line    0x00000000      0x116 C:/Program Files (x86)/Atmel/Studio/7.0/Packs/atmel/ATmega_DFP/1.7.374/gcc/dev/atmega32a/avr5/crtatmega32a.o
 .debug_line    0x00000116       0x4c Source/APP/main.o
 .debug_line    0x00000162      0x21c Source/MCAL/Timer0/Source/timer0.o
 .debug_line    0x0000037e      0x20d Source/MCAL/Timer1/Source/timer1.o
 .debug_line    0x0000058b      0x21c Source/MCAL/Timer2/Source/timer2.o

.debug_frame    0x00000000      0x6fc
 *(.debug_frame)
 .debug_frame   0x00000000       0x34 Source/APP/main.o
 .debug_frame   0x00000034      0x288 Source/MCAL/Timer0/Source/timer0.o
 .debug_frame   0x000002bc      0x1b8 Source/MCAL/Timer1/Source/timer1.o
 .debug_frame   0x00000474      0x288 Source/MCAL/Timer2/Source/timer2.o

.debug_str      0x00000000      0x70b
 *(.debug_str)
 .debug_str     0x00000000      0x196 C:/Program Files (x86)/Atmel/Studio/7.0/Packs/atmel/ATmega_DFP/1.7.374/gcc/dev/atmega32a/avr5/crtatmega32a.o
 .debug_str     0x00000196      0x184 Source/APP/main.o
                                0x1b8 (size before relaxing)
 .debug_str     0x0000031a      0x17b Source/MCAL/Timer0/Source/timer0.o
                                0x31e (size before relaxing)
 .debug_str     0x00000495      0x11c Source/MCAL/Timer1/Source/timer1.o
                                0x2d8 (size before relaxing)
 .debug_str     0x000005b1      0x15a Source/MCAL/Timer2/Source/timer2.o
                                0x31c (size before relaxing)

.debug_loc      0x00000000      0xe9b
 *(.debug_loc)
 .debug_loc     0x00000000       0x3b Source/APP/main.o
 .debug_loc     0x0000003b      0x563 Source/MCAL/Timer0/Source/timer0.o
 .debug_loc     0x0000059e      0x39a Source/MCAL/Timer1/Source/timer1.o
 .debug_loc     0x00000938      0x563 Source/MCAL/Timer2/Source/timer2.o

.debug_macinfo
 *(.debug_macinfo)

.debug_weaknames
 *(.debug_weaknames)

.debug_funcnames
 *(.debug_funcnames)

.debug_typenames
 *(.debug_typenames)

.debug_varnames
 *(.debug_varnames)

.debug_pubtypes
 *(.debug_pubtypes)

.debug_ranges   0x00000000      0x170
 *(.debug_ranges)
 .debug_ranges  0x00000000       0x10 Source/APP/main.o
 .debug_ranges  0x00000010       0x80 Source/MCAL/Timer0/Source/timer0.o
 .debug_ranges  0x00000090       0x60 Source/MCAL/Timer1/Source/timer1.o
 .debug_ranges  0x000000f0       0x80 Source/MCAL/Timer2/Source/timer2.o

.debug_macro
 *(.debug_macro)
OUTPUT(SmartHome.elf elf32-avr)
LOAD linker stubs
