Archive member included to satisfy reference by file (symbol)

c:/program files (x86)/atmel/studio/7.0/toolchain/avr8/avr8-gnu-toolchain/bin/../lib/gcc/avr/5.4.0/../../../../avr/lib/avr5\libm.a(divsf3.o)
                              Source/HAL/LM35/Source/lm35.o (__divsf3)
c:/program files (x86)/atmel/studio/7.0/toolchain/avr8/avr8-gnu-toolchain/bin/../lib/gcc/avr/5.4.0/../../../../avr/lib/avr5\libm.a(divsf3x.o)
                              c:/program files (x86)/atmel/studio/7.0/toolchain/avr8/avr8-gnu-toolchain/bin/../lib/gcc/avr/5.4.0/../../../../avr/lib/avr5\libm.a(divsf3.o) (__divsf3x)
c:/program files (x86)/atmel/studio/7.0/toolchain/avr8/avr8-gnu-toolchain/bin/../lib/gcc/avr/5.4.0/../../../../avr/lib/avr5\libm.a(fixunssfsi.o)
                              Source/HAL/LM35/Source/lm35.o (__fixunssfsi)
c:/program files (x86)/atmel/studio/7.0/toolchain/avr8/avr8-gnu-toolchain/bin/../lib/gcc/avr/5.4.0/../../../../avr/lib/avr5\libm.a(floatsisf.o)
                              Source/HAL/LM35/Source/lm35.o (__floatunsisf)
c:/program files (x86)/atmel/studio/7.0/toolchain/avr8/avr8-gnu-toolchain/bin/../lib/gcc/avr/5.4.0/../../../../avr/lib/avr5\libm.a(fp_inf.o)
                              c:/program files (x86)/atmel/studio/7.0/toolchain/avr8/avr8-gnu-toolchain/bin/../lib/gcc/avr/5.4.0/../../../../avr/lib/avr5\libm.a(divsf3x.o) (__fp_inf)
c:/program files (x86)/atmel/studio/7.0/toolchain/avr8/avr8-gnu-toolchain/bin/../lib/gcc/avr/5.4.0/../../../../avr/lib/avr5\libm.a(fp_nan.o)
                              c:/program files (x86)/atmel/studio/7.0/toolchain/avr8/avr8-gnu-toolchain/bin/../lib/gcc/avr/5.4.0/../../../../avr/lib/avr5\libm.a(divsf3x.o) (__fp_nan)
c:/program files (x86)/atmel/studio/7.0/toolchain/avr8/avr8-gnu-toolchain/bin/../lib/gcc/avr/5.4.0/../../../../avr/lib/avr5\libm.a(fp_pscA.o)
                              c:/program files (x86)/atmel/studio/7.0/toolchain/avr8/avr8-gnu-toolchain/bin/../lib/gcc/avr/5.4.0/../../../../avr/lib/avr5\libm.a(divsf3x.o) (__fp_pscA)
c:/program files (x86)/atmel/studio/7.0/toolchain/avr8/avr8-gnu-toolchain/bin/../lib/gcc/avr/5.4.0/../../../../avr/lib/avr5\libm.a(fp_pscB.o)
                              c:/program files (x86)/atmel/studio/7.0/toolchain/avr8/avr8-gnu-toolchain/bin/../lib/gcc/avr/5.4.0/../../../../avr/lib/avr5\libm.a(divsf3x.o) (__fp_pscB)
c:/program files (x86)/atmel/studio/7.0/toolchain/avr8/avr8-gnu-toolchain/bin/../lib/gcc/avr/5.4.0/../../../../avr/lib/avr5\libm.a(fp_round.o)
                              c:/program files (x86)/atmel/studio/7.0/toolchain/avr8/avr8-gnu-toolchain/bin/../lib/gcc/avr/5.4.0/../../../../avr/lib/avr5\libm.a(divsf3.o) (__fp_round)
c:/program files (x86)/atmel/studio/7.0/toolchain/avr8/avr8-gnu-toolchain/bin/../lib/gcc/avr/5.4.0/../../../../avr/lib/avr5\libm.a(fp_split3.o)
                              c:/program files (x86)/atmel/studio/7.0/toolchain/avr8/avr8-gnu-toolchain/bin/../lib/gcc/avr/5.4.0/../../../../avr/lib/avr5\libm.a(divsf3x.o) (__fp_split3)
c:/program files (x86)/atmel/studio/7.0/toolchain/avr8/avr8-gnu-toolchain/bin/../lib/gcc/avr/5.4.0/../../../../avr/lib/avr5\libm.a(fp_zero.o)
                              c:/program files (x86)/atmel/studio/7.0/toolchain/avr8/avr8-gnu-toolchain/bin/../lib/gcc/avr/5.4.0/../../../../avr/lib/avr5\libm.a(fixunssfsi.o) (__fp_zero)
c:/program files (x86)/atmel/studio/7.0/toolchain/avr8/avr8-gnu-toolchain/bin/../lib/gcc/avr/5.4.0/../../../../avr/lib/avr5\libm.a(mulsf3.o)
                              Source/HAL/LM35/Source/lm35.o (__mulsf3)
c:/program files (x86)/atmel/studio/7.0/toolchain/avr8/avr8-gnu-toolchain/bin/../lib/gcc/avr/5.4.0/../../../../avr/lib/avr5\libm.a(mulsf3x.o)
                              c:/program files (x86)/atmel/studio/7.0/toolchain/avr8/avr8-gnu-toolchain/bin/../lib/gcc/avr/5.4.0/../../../../avr/lib/avr5\libm.a(mulsf3.o) (__mulsf3x)
c:/program files (x86)/atmel/studio/7.0/toolchain/avr8/avr8-gnu-toolchain/bin/../lib/gcc/avr/5.4.0/avr5\libgcc.a(_exit.o)
                              C:/Program Files (x86)/Atmel/Studio/7.0/Packs/atmel/ATmega_DFP/1.7.374/gcc/dev/atmega32a/avr5/crtatmega32a.o (exit)
c:/program files (x86)/atmel/studio/7.0/toolchain/avr8/avr8-gnu-toolchain/bin/../lib/gcc/avr/5.4.0/avr5\libgcc.a(_tablejump2.o)
                              Source/SERVICE/LocalMode_Menu/Source/localMenu.o (__tablejump2__)
c:/program files (x86)/atmel/studio/7.0/toolchain/avr8/avr8-gnu-toolchain/bin/../lib/gcc/avr/5.4.0/avr5\libgcc.a(_copy_data.o)
                              Source/HAL/LCD/Source/lcd.o (__do_copy_data)
c:/program files (x86)/atmel/studio/7.0/toolchain/avr8/avr8-gnu-toolchain/bin/../lib/gcc/avr/5.4.0/avr5\libgcc.a(_clear_bss.o)
                              Source/HAL/Lamp/Source/lamp.o (__do_clear_bss)
c:/program files (x86)/atmel/studio/7.0/toolchain/avr8/avr8-gnu-toolchain/bin/../lib/gcc/avr/5.4.0/../../../../avr/lib/avr5\libc.a(atoi.o)
                              Source/SERVICE/RemoteMode_Menu/Source/remoteMenu.o (atoi)
[...]
Memory Configuration

Name             Origin             Length             Attributes
text             0x00000000         0x00008000         xr
data             0x00800060         0x00000800         rw !x
eeprom           0x00810000         0x00000400         rw !x
fuse             0x00820000         0x00000002         rw !x
lock             0x00830000         0x00000400         rw !x
signature        0x00840000         0x00000400         rw !x
user_signatures  0x00850000         0x00000400         rw !x
*default*        0x00000000         0xffffffff

Linker script and memory map

LOAD C:/Program Files (x86)/Atmel/Studio/7.0/Packs/atmel/ATmega_DFP/1.7.374/gcc/dev/atmega32a/avr5/crtatmega32a.o
LOAD Source/APP/main.o
LOAD Source/HAL/Buzzer/Source/buzzer.o
LOAD Source/HAL/DC_Motor/Source/dc.o
LOAD Source/HAL/Dimmer/Source/dimmer.o
LOAD Source/HAL/Keypad/Source/keypad.o
LOAD Source/HAL/L293D/Source/l293d.o
LOAD Source/HAL/Lamp/Source/lamp.o
LOAD Source/HAL/LCD/Source/lcd.o
LOAD Source/HAL/LCD/Source/lcd_cfg.o
LOAD Source/HAL/LM35/Source/lm35.o
LOAD Source/HAL/MM74C922/Source/MM74C922.o
LOAD Source/HAL/POT/Source/pot.o
LOAD Source/HAL/Relay/Source/relay.o
LOAD Source/HAL/Servo/Source/servo.o
LOAD Source/MCAL/ADC/Source/adc.o
LOAD Source/MCAL/DIO/Source/dio.o
LOAD Source/MCAL/EEPROM/Source/eeprom.o
LOAD Source/MCAL/GIE/Source/gie.o
LOAD Source/MCAL/Timer0/Source/timer0.o
LOAD Source/MCAL/Timer1/Source/timer1.o
LOAD Source/MCAL/Timer2/Source/timer2.o
LOAD Source/MCAL/UART/Source/uart.o
LOAD Source/SERVICE/AC/Source/ac.o
LOAD Source/SERVICE/Door/Source/door.o
LOAD Source/SERVICE/Lamp_Dim/Source/LED_Dim_Service.o
LOAD Source/SERVICE/LocalMode_DB/Source/localDB.o
LOAD Source/SERVICE/LocalMode_Menu/Source/localMenu.o
LOAD Source/SERVICE/RemoteMode_DB/Source/remoteDB.o
LOAD Source/SERVICE/RemoteMode_Menu/Source/remoteMenu.o
START GROUP
LOAD c:/program files (x86)/atmel/studio/7.0/toolchain/avr8/avr8-gnu-toolchain/bin/../lib/gcc/avr/5.4.0/../../../../avr/lib/avr5\libm.a
END GROUP
START GROUP
LOAD c:/program files (x86)/atmel/studio/7.0/toolchain/avr8/avr8-gnu-toolchain/bin/../lib/gcc/avr/5.4.0/avr5\libgcc.a
LOAD c:/program files (x86)/atmel/studio/7.0/toolchain/avr8/avr8-gnu-toolchain/bin/../lib/gcc/avr/5.4.0/../../../../avr/lib/avr5\libm.a
LOAD c:/program files (x86)/atmel/studio/7.0/toolchain/avr8/avr8-gnu-toolchain/bin/../lib/gcc/avr/5.4.0/../../../../avr/lib/avr5\libc.a
LOAD C:/Program Files (x86)/Atmel/Studio/7.0/Packs/atmel/ATmega_DFP/1.7.374/gcc/dev/atmega32a/avr5\libatmega32a.a
END GROUP
                [0x00000000]                __TEXT_REGION_ORIGIN__ = DEFINED (__TEXT_REGION_ORIGIN__)?__TEXT_REGION_ORIGIN__:0x0
                [0x00800060]                __DATA_REGION_ORIGIN__ = DEFINED (__DATA_REGION_ORIGIN__)?__DATA_REGION_ORIGIN__:0x800060
                [0x00008000]                __TEXT_REGION_LENGTH__ = DEFINED (__TEXT_REGION_LENGTH__)?__TEXT_REGION_LENGTH__:0x20000
                [0x00000800]                __DATA_REGION_LENGTH__ = DEFINED (__DATA_REGION_LENGTH__)?__DATA_REGION_LENGTH__:0xffa0
                [0x00000400]                __EEPROM_REGION_LENGTH__ = DEFINED (__EEPROM_REGION_LENGTH__)?__EEPROM_REGION_LENGTH__:0x10000
                [0x00000002]                __FUSE_REGION_LENGTH__ = DEFINED (__FUSE_REGION_LENGTH__)?__FUSE_REGION_LENGTH__:0x400
                0x00000400                __LOCK_REGION_LENGTH__ = DEFINED (__LOCK_REGION_LENGTH__)?__LOCK_REGION_LENGTH__:0x400
                0x00000400                __SIGNATURE_REGION_LENGTH__ = DEFINED (__SIGNATURE_REGION_LENGTH__)?__SIGNATURE_REGION_LENGTH__:0x400
                0x00000400                __USER_SIGNATURE_REGION_LENGTH__ = DEFINED (__USER_SIGNATURE_REGION_LENGTH__)?__USER_SIGNATURE_REGION_LENGTH__:0x400

.hash
 *(.hash)

.dynsym
 *(.dynsym)

.dynstr
 *(.dynstr)

.gnu.version
 *(.gnu.version)

.gnu.version_d
 *(.gnu.version_d)

.gnu.version_r
 *(.gnu.version_r)

.rel.init
 *(.rel.init)

.rela.init
 *(.rela.init)

.rel.text
 *(.rel.text)
 *(.rel.text.*)
 *(.rel.gnu.linkonce.t*)

.rela.text
 *(.rela.text)
 *(.rela.text.*)
 *(.rela.gnu.linkonce.t*)

.rel.fini
 *(.rel.fini)

.rela.fini
 *(.rela.fini)

.rel.rodata
 *(.rel.rodata)
 *(.rel.rodata.*)
 *(.rel.gnu.linkonce.r*)

.rela.rodata
 *(.rela.rodata)
 *(.rela.rodata.*)
 *(.rela.gnu.linkonce.r*)

.rel.data
 *(.rel.data)
 *(.rel.data.*)
 *(.rel.gnu.linkonce.d*)

.rela.data
 *(.rela.data)
 *(.rela.data.*)
 *(.rela.gnu.linkonce.d*)

.rel.ctors
 *(.rel.ctors)

.rela.ctors
 *(.rela.ctors)

.rel.dtors
 *(.rel.dtors)

.rela.dtors
 *(.rela.dtors)

.rel.got
 *(.rel.got)

.rela.got
 *(.rela.got)

.rel.bss
 *(.rel.bss)

.rela.bss
 *(.rela.bss)

.rel.plt
 *(.rel.plt)

.rela.plt
 *(.rela.plt)

.text           0x00000000     0x19c2
 *(.vectors)
 .vectors       0x00000000       0x54 C:/Program Files (x86)/Atmel/Studio/7.0/Packs/atmel/ATmega_DFP/1.7.374/gcc/dev/atmega32a/avr5/crtatmega32a.o
                0x00000000                __vector_default
                0x00000000                __vectors
 *(.vectors)
 *(.progmem.gcc*)
 .progmem.gcc_sw_table.local_Menu_LED
                0x00000054        0xe Source/SERVICE/LocalMode_Menu/Source/localMenu.o
                0x00000062                . = ALIGN (0x2)
                0x00000062                __trampolines_start = .
 *(.trampolines)
 .trampolines   0x00000062        0x0 linker stubs
 *(.trampolines*)
                0x00000062                __trampolines_end = .
 *libprintf_flt.a:*(.progmem.data)
 *libc.a:*(.progmem.data)
 *(.progmem*)
                0x00000062                . = ALIGN (0x2)
 *(.jumptables)
 *(.jumptables*)
 *(.lowtext)
 *(.lowtext*)
                0x00000062                __ctors_start = .
 *(.ctors)
                0x00000062                __ctors_end = .
                0x00000062                __dtors_start = .
 *(.dtors)
                0x00000062                __dtors_end = .
 SORT(*)(.ctors)
 SORT(*)(.dtors)
 *(.init0)
 .init0         0x00000062        0x0 C:/Program Files (x86)/Atmel/Studio/7.0/Packs/atmel/ATmega_DFP/1.7.374/gcc/dev/atmega32a/avr5/crtatmega32a.o
                0x00000062                __init
 *(.init0)
 *(.init1)
 *(.init1)
 *(.init2)
 .init2         0x00000062        0xc C:/Program Files (x86)/Atmel/Studio/7.0/Packs/atmel/ATmega_DFP/1.7.374/gcc/dev/atmega32a/avr5/crtatmega32a.o
 *(.init2)
 *(.init3)
 *(.init3)
 *(.init4)
 .init4         0x0000006e       0x16 c:/program files (x86)/atmel/studio/7.0/toolchain/avr8/avr8-gnu-toolchain/bin/../lib/gcc/avr/5.4.0/avr5\libgcc.a(_copy_data.o)
                0x0000006e                __do_copy_data
 .init4         0x00000084       0x10 c:/program files (x86)/atmel/studio/7.0/toolchain/avr8/avr8-gnu-toolchain/bin/../lib/gcc/avr/5.4.0/avr5\libgcc.a(_clear_bss.o)
                0x00000084                __do_clear_bss
 *(.init4)
 *(.init5)
 *(.init5)
 *(.init6)
 *(.init6)
 *(.init7)
 *(.init7)
 *(.init8)
 *(.init8)
 *(.init9)
 .init9         0x00000094        0x8 C:/Program Files (x86)/Atmel/Studio/7.0/Packs/atmel/ATmega_DFP/1.7.374/gcc/dev/atmega32a/avr5/crtatmega32a.o
 *(.init9)
 *(.text)
 .text          0x0000009c        0x4 C:/Program Files (x86)/Atmel/Studio/7.0/Packs/atmel/ATmega_DFP/1.7.374/gcc/dev/atmega32a/avr5/crtatmega32a.o
                0x0000009c                __vector_1
                0x0000009c                __vector_12
                0x0000009c                __bad_interrupt
                0x0000009c                __vector_6
                0x0000009c                __vector_3
                0x0000009c                __vector_13
                0x0000009c                __vector_17
                0x0000009c                __vector_19
                0x0000009c                __vector_7
                0x0000009c                __vector_2
                0x0000009c                __vector_15
                0x0000009c                __vector_8
                0x0000009c                __vector_14
                0x0000009c                __vector_16
                0x0000009c                __vector_18
                0x0000009c                __vector_20
                0x000000a0                . = ALIGN (0x2)
 *(.text.*)
 .text.main     0x000000a0       0x1a Source/APP/main.o
                0x000000a0                main
 .text.dcMotor_init
                0x000000ba        0xc Source/HAL/DC_Motor/Source/dc.o
                0x000000ba                dcMotor_init
 .text.dcMotor_on
                0x000000c6        0xc Source/HAL/DC_Motor/Source/dc.o
                0x000000c6                dcMotor_on
 .text.dcMotor_off
                0x000000d2        0xc Source/HAL/DC_Motor/Source/dc.o
                0x000000d2                dcMotor_off
 .text.keypad_readKey
                0x000000de        0x6 Source/HAL/Keypad/Source/keypad.o
                0x000000de                keypad_readKey
 .text.lamp_toggle
                0x000000e4       0x1c Source/HAL/Lamp/Source/lamp.o
                0x000000e4                lamp_toggle
 .text.enablePulse
                0x00000100       0x2a Source/HAL/LCD/Source/lcd.o
 .text.lcd_sendCommand
                0x0000012a       0x8a Source/HAL/LCD/Source/lcd.o
                0x0000012a                lcd_sendCommand
 .text.lcd_writeData
                0x000001b4       0x8a Source/HAL/LCD/Source/lcd.o
                0x000001b4                lcd_writeData
 .text.lcd_goTo
                0x0000023e       0x1e Source/HAL/LCD/Source/lcd.o
                0x0000023e                lcd_goTo
 .text.lcd_displayChar
                0x0000025c        0x6 Source/HAL/LCD/Source/lcd.o
                0x0000025c                lcd_displayChar
 .text.lcd_displayStr
                0x00000262       0x2c Source/HAL/LCD/Source/lcd.o
                0x00000262                lcd_displayStr
 .text.lcd_displayNums
                0x0000028e       0x5a Source/HAL/LCD/Source/lcd.o
                0x0000028e                lcd_displayNums
 .text.LM35_init
                0x000002e8        0x6 Source/HAL/LM35/Source/lm35.o
                0x000002e8                LM35_init
 .text.LM35_read
                0x000002ee       0x30 Source/HAL/LM35/Source/lm35.o
                0x000002ee                LM35_read
 .text.MM74C922_GetKey
                0x0000031e        0xa Source/HAL/MM74C922/Source/MM74C922.o
                0x0000031e                MM74C922_GetKey
 .text.relay_toggle
                0x00000328       0x4c Source/HAL/Relay/Source/relay.o
                0x00000328                relay_toggle
 .text.adc_init
                0x00000374        0xc Source/MCAL/ADC/Source/adc.o
                0x00000374                adc_init
 .text.adc_read
                0x00000380       0x1a Source/MCAL/ADC/Source/adc.o
                0x00000380                adc_read
 .text.dio_setPinDirection
                0x0000039a       0xea Source/MCAL/DIO/Source/dio.o
                0x0000039a                dio_setPinDirection
 .text.dio_writeChannel
                0x00000484       0xea Source/MCAL/DIO/Source/dio.o
                0x00000484                dio_writeChannel
 .text.dio_toggleChannel
                0x0000056e       0x68 Source/MCAL/DIO/Source/dio.o
                0x0000056e                dio_toggleChannel
 .text.EEPROM_read
                0x000005d6        0xe Source/MCAL/EEPROM/Source/eeprom.o
                0x000005d6                EEPROM_read
 .text.EEPROM_read_block
                0x000005e4       0x46 Source/MCAL/EEPROM/Source/eeprom.o
                0x000005e4                EEPROM_read_block
 .text.gie_enableAllInterrupts
                0x0000062a        0x8 Source/MCAL/GIE/Source/gie.o
                0x0000062a                gie_enableAllInterrupts
 .text.__vector_11
                0x00000632       0x52 Source/MCAL/Timer0/Source/timer0.o
                0x00000632                __vector_11
 .text.__vector_10
                0x00000684       0x52 Source/MCAL/Timer0/Source/timer0.o
                0x00000684                __vector_10
 .text.pwm0_init
                0x000006d6        0xe Source/MCAL/Timer0/Source/timer0.o
                0x000006d6                pwm0_init
 .text.pwm0_setDutyCycle
                0x000006e4       0x2c Source/MCAL/Timer0/Source/timer0.o
                0x000006e4                pwm0_setDutyCycle
 .text.__vector_9
                0x00000710       0x52 Source/MCAL/Timer1/Source/timer1.o
                0x00000710                __vector_9
 .text.timer2_init
                0x00000762        0x8 Source/MCAL/Timer2/Source/timer2.o
                0x00000762                timer2_init
 .text.timer2_start
                0x0000076a        0x8 Source/MCAL/Timer2/Source/timer2.o
                0x0000076a                timer2_start
 .text.timer2_setPreLoad
                0x00000772        0x4 Source/MCAL/Timer2/Source/timer2.o
                0x00000772                timer2_setPreLoad
 .text.timer2_enableOvInterrupt
                0x00000776        0x8 Source/MCAL/Timer2/Source/timer2.o
                0x00000776                timer2_enableOvInterrupt
 .text.timer2_setOvCallBack
                0x0000077e        0xa Source/MCAL/Timer2/Source/timer2.o
                0x0000077e                timer2_setOvCallBack
 .text.__vector_5
                0x00000788       0x52 Source/MCAL/Timer2/Source/timer2.o
                0x00000788                __vector_5
 .text.__vector_4
                0x000007da       0x52 Source/MCAL/Timer2/Source/timer2.o
                0x000007da                __vector_4
 .text.airConditioner_init
                0x0000082c        0xa Source/SERVICE/AC/Source/ac.o
                0x0000082c                airConditioner_init
 .text.airConditioner_Toggle
                0x00000836        0xe Source/SERVICE/AC/Source/ac.o
                0x00000836                airConditioner_Toggle
 .text.airConditioner_Set_Config
                0x00000844       0x16 Source/SERVICE/AC/Source/ac.o
                0x00000844                airConditioner_Set_Config
 .text.airConditioner_Status
                0x0000085a        0xe Source/SERVICE/AC/Source/ac.o
                0x0000085a                airConditioner_Status
 .text.airConditioner_service
                0x00000868       0x32 Source/SERVICE/AC/Source/ac.o
                0x00000868                airConditioner_service
 .text.lamp_Dim_service_init
                0x0000089a        0xe Source/SERVICE/Lamp_Dim/Source/LED_Dim_Service.o
                0x0000089a                lamp_Dim_service_init
 .text.lamp_Dim_service
                0x000008a8       0x3e Source/SERVICE/Lamp_Dim/Source/LED_Dim_Service.o
                0x000008a8                lamp_Dim_service
 .text.Lamp_Service_Dim_Toggle
                0x000008e6        0xe Source/SERVICE/Lamp_Dim/Source/LED_Dim_Service.o
                0x000008e6                Lamp_Service_Dim_Toggle
 .text.getPassword_local
                0x000008f4       0xea Source/SERVICE/LocalMode_DB/Source/localDB.o
                0x000008f4                getPassword_local
 .text.getUserFromEEPROM_local
                0x000009de       0x2c Source/SERVICE/LocalMode_DB/Source/localDB.o
                0x000009de                getUserFromEEPROM_local
 .text.displayUsersOnLCD
                0x00000a0a       0xb2 Source/SERVICE/LocalMode_DB/Source/localDB.o
                0x00000a0a                displayUsersOnLCD
 .text.selectUserAndLogin_local
                0x00000abc       0x8a Source/SERVICE/LocalMode_DB/Source/localDB.o
                0x00000abc                selectUserAndLogin_local
 .text.scrollUsersOnLCD
                0x00000b46       0x50 Source/SERVICE/LocalMode_DB/Source/localDB.o
                0x00000b46                scrollUsersOnLCD
 .text.loginAck_local
                0x00000b96        0x6 Source/SERVICE/LocalMode_DB/Source/localDB.o
                0x00000b96                loginAck_local
 .text.logout_local
                0x00000b9c        0x6 Source/SERVICE/LocalMode_DB/Source/localDB.o
                0x00000b9c                logout_local
 .text.local_menu_Idle_timer
                0x00000ba2       0x12 Source/SERVICE/LocalMode_Menu/Source/localMenu.o
                0x00000ba2                local_menu_Idle_timer
 .text.local_Menu_Slector_Display
                0x00000bb4       0x2e Source/SERVICE/LocalMode_Menu/Source/localMenu.o
                0x00000bb4                local_Menu_Slector_Display
 .text.local_Menu_Display
                0x00000be2       0x52 Source/SERVICE/LocalMode_Menu/Source/localMenu.o
                0x00000be2                local_Menu_Display
 .text.local_Menu_AC_Display
                0x00000c34       0x92 Source/SERVICE/LocalMode_Menu/Source/localMenu.o
                0x00000c34                local_Menu_AC_Display
 .text.local_Menu
                0x00000cc6       0x9a Source/SERVICE/LocalMode_Menu/Source/localMenu.o
                0x00000cc6                local_Menu
 .text.local_Menu_LED
                0x00000d60       0xbc Source/SERVICE/LocalMode_Menu/Source/localMenu.o
                0x00000d60                local_Menu_LED
 .text.local_Menu_value_adj
                0x00000e1c       0x3a Source/SERVICE/LocalMode_Menu/Source/localMenu.o
                0x00000e1c                local_Menu_value_adj
 .text.local_Menu_AC
                0x00000e56      0x13a Source/SERVICE/LocalMode_Menu/Source/localMenu.o
                0x00000e56                local_Menu_AC
 .text.local_menu_Idle
                0x00000f90       0x22 Source/SERVICE/LocalMode_Menu/Source/localMenu.o
                0x00000f90                local_menu_Idle
 .text.local_menu_Service
                0x00000fb2       0x58 Source/SERVICE/LocalMode_Menu/Source/localMenu.o
                0x00000fb2                local_menu_Service
 .text.local_menu_init
                0x0000100a       0x24 Source/SERVICE/LocalMode_Menu/Source/localMenu.o
                0x0000100a                local_menu_init
 .text.loginAck_remote
                0x0000102e        0x6 Source/SERVICE/RemoteMode_DB/Source/remoteDB.o
                0x0000102e                loginAck_remote
 .text.avr-libc.fplib
                0x00001034        0x8 c:/program files (x86)/atmel/studio/7.0/toolchain/avr8/avr8-gnu-toolchain/bin/../lib/gcc/avr/5.4.0/../../../../avr/lib/avr5\libm.a(divsf3.o)
                0x00001034                __divsf3
 .text.avr-libc.fplib
                0x0000103c       0xdc c:/program files (x86)/atmel/studio/7.0/toolchain/avr8/avr8-gnu-toolchain/bin/../lib/gcc/avr/5.4.0/../../../../avr/lib/avr5\libm.a(divsf3x.o)
                0x0000105c                __divsf3x
                0x00001062                __divsf3_pse
 .text.avr-libc.fplib
                0x00001118       0x5e c:/program files (x86)/atmel/studio/7.0/toolchain/avr8/avr8-gnu-toolchain/bin/../lib/gcc/avr/5.4.0/../../../../avr/lib/avr5\libm.a(fixunssfsi.o)
                0x00001118                __fixunssfsi
 .text.avr-libc.fplib
                0x00001176       0x7a c:/program files (x86)/atmel/studio/7.0/toolchain/avr8/avr8-gnu-toolchain/bin/../lib/gcc/avr/5.4.0/../../../../avr/lib/avr5\libm.a(floatsisf.o)
                0x00001176                __floatunsisf
                0x0000117a                __floatsisf
 .text.avr-libc.fplib
                0x000011f0        0xc c:/program files (x86)/atmel/studio/7.0/toolchain/avr8/avr8-gnu-toolchain/bin/../lib/gcc/avr/5.4.0/../../../../avr/lib/avr5\libm.a(fp_inf.o)
                0x000011f0                __fp_inf
 .text.avr-libc.fplib
                0x000011fc        0x6 c:/program files (x86)/atmel/studio/7.0/toolchain/avr8/avr8-gnu-toolchain/bin/../lib/gcc/avr/5.4.0/../../../../avr/lib/avr5\libm.a(fp_nan.o)
                0x000011fc                __fp_nan
 .text.avr-libc.fplib
                0x00001202        0xe c:/program files (x86)/atmel/studio/7.0/toolchain/avr8/avr8-gnu-toolchain/bin/../lib/gcc/avr/5.4.0/../../../../avr/lib/avr5\libm.a(fp_pscA.o)
                0x00001202                __fp_pscA
 .text.avr-libc.fplib
                0x00001210        0xe c:/program files (x86)/atmel/studio/7.0/toolchain/avr8/avr8-gnu-toolchain/bin/../lib/gcc/avr/5.4.0/../../../../avr/lib/avr5\libm.a(fp_pscB.o)
                0x00001210                __fp_pscB
 .text.avr-libc.fplib
                0x0000121e       0x22 c:/program files (x86)/atmel/studio/7.0/toolchain/avr8/avr8-gnu-toolchain/bin/../lib/gcc/avr/5.4.0/../../../../avr/lib/avr5\libm.a(fp_round.o)
                0x0000121e                __fp_round
 .text.avr-libc.fplib
                0x00001240       0x44 c:/program files (x86)/atmel/studio/7.0/toolchain/avr8/avr8-gnu-toolchain/bin/../lib/gcc/avr/5.4.0/../../../../avr/lib/avr5\libm.a(fp_split3.o)
                0x00001240                __fp_split3
                0x00001250                __fp_splitA
 .text.avr-libc.fplib
                0x00001284        0xe c:/program files (x86)/atmel/studio/7.0/toolchain/avr8/avr8-gnu-toolchain/bin/../lib/gcc/avr/5.4.0/../../../../avr/lib/avr5\libm.a(fp_zero.o)
                0x00001284                __fp_zero
                0x00001286                __fp_szero
 .text.avr-libc.fplib
                0x00001292        0x8 c:/program files (x86)/atmel/studio/7.0/toolchain/avr8/avr8-gnu-toolchain/bin/../lib/gcc/avr/5.4.0/../../../../avr/lib/avr5\libm.a(mulsf3.o)
                0x00001292                __mulsf3
 .text.avr-libc.fplib
                0x0000129a       0xd2 c:/program files (x86)/atmel/studio/7.0/toolchain/avr8/avr8-gnu-toolchain/bin/../lib/gcc/avr/5.4.0/../../../../avr/lib/avr5\libm.a(mulsf3x.o)
                0x000012b8                __mulsf3x
                0x000012be                __mulsf3_pse
 .text.libgcc   0x0000136c        0xc c:/program files (x86)/atmel/studio/7.0/toolchain/avr8/avr8-gnu-toolchain/bin/../lib/gcc/avr/5.4.0/avr5\libgcc.a(_tablejump2.o)
                0x0000136c                __tablejump2__
 .text.avr-libc
                0x00001378       0x12 c:/program files (x86)/atmel/studio/7.0/toolchain/avr8/avr8-gnu-toolchain/bin/../lib/gcc/avr/5.4.0/../../../../avr/lib/avr5\libc.a(strcmp.o)
                0x00001378                strcmp
 .text.avr-libc
                0x0000138a       0x60 c:/program files (x86)/atmel/studio/7.0/toolchain/avr8/avr8-gnu-toolchain/bin/../lib/gcc/avr/5.4.0/../../../../avr/lib/avr5\libc.a(snprintf.o)
                0x0000138a                snprintf
 .text.avr-libc
                0x000013ea       0x44 c:/program files (x86)/atmel/studio/7.0/toolchain/avr8/avr8-gnu-toolchain/bin/../lib/gcc/avr/5.4.0/../../../../avr/lib/avr5\libc.a(sprintf.o)
                0x000013ea                sprintf
 .text.avr-libc
                0x0000142e      0x3c2 c:/program files (x86)/atmel/studio/7.0/toolchain/avr8/avr8-gnu-toolchain/bin/../lib/gcc/avr/5.4.0/../../../../avr/lib/avr5\libc.a(vfprintf_std.o)
                0x0000142e                vfprintf
 .text.avr-libc
                0x000017f0       0x16 c:/program files (x86)/atmel/studio/7.0/toolchain/avr8/avr8-gnu-toolchain/bin/../lib/gcc/avr/5.4.0/../../../../avr/lib/avr5\libc.a(strnlen_P.o)
                0x000017f0                strnlen_P
 .text.avr-libc
                0x00001806       0x16 c:/program files (x86)/atmel/studio/7.0/toolchain/avr8/avr8-gnu-toolchain/bin/../lib/gcc/avr/5.4.0/../../../../avr/lib/avr5\libc.a(strnlen.o)
                0x00001806                strnlen
 .text.avr-libc
                0x0000181c       0x78 c:/program files (x86)/atmel/studio/7.0/toolchain/avr8/avr8-gnu-toolchain/bin/../lib/gcc/avr/5.4.0/../../../../avr/lib/avr5\libc.a(fputc.o)
                0x0000181c                fputc
 .text.avr-libc
                0x00001894       0xbc c:/program files (x86)/atmel/studio/7.0/toolchain/avr8/avr8-gnu-toolchain/bin/../lib/gcc/avr/5.4.0/../../../../avr/lib/avr5\libc.a(ultoa_invert.o)
                0x00001894                __ultoa_invert
 .text.libgcc.prologue
                0x00001950       0x38 c:/program files (x86)/atmel/studio/7.0/toolchain/avr8/avr8-gnu-toolchain/bin/../lib/gcc/avr/5.4.0/avr5\libgcc.a(_prologue.o)
                0x00001950                __prologue_saves__
 .text.libgcc.prologue
                0x00001988       0x36 c:/program files (x86)/atmel/studio/7.0/toolchain/avr8/avr8-gnu-toolchain/bin/../lib/gcc/avr/5.4.0/avr5\libgcc.a(_epilogue.o)
                0x00001988                __epilogue_restores__
                0x000019be                . = ALIGN (0x2)
 *(.fini9)
 .fini9         0x000019be        0x0 c:/program files (x86)/atmel/studio/7.0/toolchain/avr8/avr8-gnu-toolchain/bin/../lib/gcc/avr/5.4.0/avr5\libgcc.a(_exit.o)
                0x000019be                _exit
                0x000019be                exit
 *(.fini9)
 *(.fini8)
 *(.fini8)
 *(.fini7)
 *(.fini7)
 *(.fini6)
 *(.fini6)
 *(.fini5)
 *(.fini5)
 *(.fini4)
 *(.fini4)
 *(.fini3)
 *(.fini3)
 *(.fini2)
 *(.fini2)
 *(.fini1)
 *(.fini1)
 *(.fini0)
 .fini0         0x000019be        0x4 c:/program files (x86)/atmel/studio/7.0/toolchain/avr8/avr8-gnu-toolchain/bin/../lib/gcc/avr/5.4.0/avr5\libgcc.a(_exit.o)
 *(.fini0)
                0x000019c2                _etext = .

.data           0x00800060      0x110 load address 0x000019c2
                0x00800060                PROVIDE (__data_start, .)
 *(.data)
 *(.data*)
 .data.Dim_Service_state
                0x00800060        0x1 Source/SERVICE/Lamp_Dim/Source/LED_Dim_Service.o
                0x00800060                Dim_Service_state
 .data.current_menu.2087
                0x00800061        0x1 Source/SERVICE/LocalMode_Menu/Source/localMenu.o
 *(.gnu.linkonce.d*)
 *(.rodata)
 *(.rodata*)
 .rodata.str1.1
                0x00800062        0x0 Source/HAL/LCD/Source/lcd.o
                                  0x3 (size before relaxing)
 .rodata.str1.1
                0x00800062       0x88 Source/SERVICE/LocalMode_DB/Source/localDB.o
 .rodata.str1.1
                0x008000ea       0x85 Source/SERVICE/LocalMode_Menu/Source/localMenu.o
 *(.gnu.linkonce.r*)
                0x00800170                . = ALIGN (0x2)
 *fill*         0x0080016f        0x1 
                0x00800170                _edata = .
                0x00800170                PROVIDE (__data_end, .)

.bss            0x00800170       0xf5
                0x00800170                PROVIDE (__bss_start, .)
 *(.bss)
 *(.bss*)
 .bss.lamp_state
                0x00800170        0x5 Source/HAL/Lamp/Source/lamp.o
                0x00800170                lamp_state
 .bss.Last_key  0x00800175        0x1 Source/HAL/MM74C922/Source/MM74C922.o
 .bss.timer0CTCClbkPtr
                0x00800176        0x2 Source/MCAL/Timer0/Source/timer0.o
                0x00800176                timer0CTCClbkPtr
 .bss.timer0OvClbkPtr
                0x00800178        0x2 Source/MCAL/Timer0/Source/timer0.o
                0x00800178                timer0OvClbkPtr
 .bss.timer1OvClbkPtr
                0x0080017a        0x2 Source/MCAL/Timer1/Source/timer1.o
                0x0080017a                timer1OvClbkPtr
 .bss.timer2CTCClbkPtr
                0x0080017c        0x2 Source/MCAL/Timer2/Source/timer2.o
                0x0080017c                timer2CTCClbkPtr
 .bss.timer2OvClbkPtr
                0x0080017e        0x2 Source/MCAL/Timer2/Source/timer2.o
                0x0080017e                timer2OvClbkPtr
 .bss.AC_CFG    0x00800180        0x3 Source/SERVICE/AC/Source/ac.o
 .bss.login_flag_local
                0x00800183        0x1 Source/SERVICE/LocalMode_DB/Source/localDB.o
                0x00800183                login_flag_local
 .bss.secondCounter.2098
                0x00800184        0x1 Source/SERVICE/LocalMode_Menu/Source/localMenu.o
 .bss.menu_selector_position.2059
                0x00800185        0x1 Source/SERVICE/LocalMode_Menu/Source/localMenu.o
 .bss.menu_position.2058
                0x00800186        0x1 Source/SERVICE/LocalMode_Menu/Source/localMenu.o
 .bss.menu_selector_position.2027
                0x00800187        0x1 Source/SERVICE/LocalMode_Menu/Source/localMenu.o
 .bss.menu_position.2026
                0x00800188        0x1 Source/SERVICE/LocalMode_Menu/Source/localMenu.o
 .bss.AC_CFG.2031
                0x00800189        0x3 Source/SERVICE/LocalMode_Menu/Source/localMenu.o
 .bss.menu_key.2029
                0x0080018c        0x1 Source/SERVICE/LocalMode_Menu/Source/localMenu.o
 .bss.v_adj_flag.2030
                0x0080018d        0x1 Source/SERVICE/LocalMode_Menu/Source/localMenu.o
 .bss.menu_selector_position.2010
                0x0080018e        0x1 Source/SERVICE/LocalMode_Menu/Source/localMenu.o
 .bss.menu_position.2009
                0x0080018f        0x1 Source/SERVICE/LocalMode_Menu/Source/localMenu.o
 .bss.local_idle
                0x00800190        0x1 Source/SERVICE/LocalMode_Menu/Source/localMenu.o
                0x00800190                local_idle
 .bss.number_of_active_devices
                0x00800191        0x1 Source/SERVICE/LocalMode_Menu/Source/localMenu.o
                0x00800191                number_of_active_devices
 .bss.login_flag_remote
                0x00800192        0x1 Source/SERVICE/RemoteMode_DB/Source/remoteDB.o
                0x00800192                login_flag_remote
 *(COMMON)
 COMMON         0x00800193       0xd2 Source/SERVICE/LocalMode_DB/Source/localDB.o
                0x00800193                localUsers
                0x00800265                PROVIDE (__bss_end, .)
                0x000019c2                __data_load_start = LOADADDR (.data)
                0x00001ad2                __data_load_end = (__data_load_start + SIZEOF (.data))

.noinit         0x00800265        0x0
                [!provide]                PROVIDE (__noinit_start, .)
 *(.noinit*)
                [!provide]                PROVIDE (__noinit_end, .)
                0x00800265                _end = .
                [!provide]                PROVIDE (__heap_start, .)

.eeprom         0x00810000        0x0
 *(.eeprom*)
                0x00810000                __eeprom_end = .

.fuse
 *(.fuse)
 *(.lfuse)
 *(.hfuse)
 *(.efuse)

.lock
 *(.lock*)

.signature
 *(.signature*)

.user_signatures
 *(.user_signatures*)

.stab
 *(.stab)

.stabstr
 *(.stabstr)

.stab.excl
 *(.stab.excl)

.stab.exclstr
 *(.stab.exclstr)

.stab.index
 *(.stab.index)

.stab.indexstr
 *(.stab.indexstr)

.comment        0x00000000       0x5c
 *(.comment)
 .comment       0x00000000       0x30 Source/APP/main.o
                                 0x31 (size before relaxing)
 .comment       0x00000030       0x31 Source/HAL/DC_Motor/Source/dc.o
 .comment       0x00000030       0x31 Source/HAL/Keypad/Source/keypad.o
 .comment       0x00000030       0x31 Source/HAL/Lamp/Source/lamp.o
 .comment       0x00000030       0x31 Source/HAL/LCD/Source/lcd.o
 .comment       0x00000030       0x31 Source/HAL/LM35/Source/lm35.o
 .comment       0x00000030       0x31 Source/HAL/MM74C922/Source/MM74C922.o
 .comment       0x00000030       0x31 Source/HAL/Relay/Source/relay.o
 .comment       0x00000030       0x31 Source/MCAL/ADC/Source/adc.o
 .comment       0x00000030       0x31 Source/MCAL/DIO/Source/dio.o
 .comment       0x00000030       0x31 Source/MCAL/EEPROM/Source/eeprom.o
 .comment       0x00000030       0x31 Source/MCAL/GIE/Source/gie.o
 .comment       0x00000030       0x31 Source/MCAL/Timer0/Source/timer0.o
 .comment       0x00000030       0x31 Source/MCAL/Timer1/Source/timer1.o
 .comment       0x00000030       0x31 Source/MCAL/Timer2/Source/timer2.o
 .comment       0x00000030       0x31 Source/SERVICE/AC/Source/ac.o
 .comment       0x00000030       0x31 Source/SERVICE/Lamp_Dim/Source/LED_Dim_Service.o
 .comment       0x00000030       0x31 Source/SERVICE/LocalMode_DB/Source/localDB.o
 .comment       0x00000030       0x31 Source/SERVICE/LocalMode_Menu/Source/localMenu.o
 .comment       0x00000030       0x31 Source/SERVICE/RemoteMode_DB/Source/remoteDB.o
 .comment       0x00000030       0x31 c:/program files (x86)/atmel/studio/7.0/toolchain/avr8/avr8-gnu-toolchain/bin/../lib/gcc/avr/5.4.0/../../../../avr/lib/avr5\libc.a(snprintf.o)
 .comment       0x00000030       0x31 c:/program files (x86)/atmel/studio/7.0/toolchain/avr8/avr8-gnu-toolchain/bin/../lib/gcc/avr/5.4.0/../../../../avr/lib/avr5\libc.a(sprintf.o)
 .comment       0x00000030       0x2c c:/program files (x86)/atmel/studio/7.0/toolchain/avr8/avr8-gnu-toolchain/bin/../lib/gcc/avr/5.4.0/../../../../avr/lib/avr5\libc.a(vfprintf_std.o)
                                 0x2d (size before relaxing)
 .comment       0x0000005c       0x31 c:/program files (x86)/atmel/studio/7.0/toolchain/avr8/avr8-gnu-toolchain/bin/../lib/gcc/avr/5.4.0/../../../../avr/lib/avr5\libc.a(fputc.o)

.note.gnu.avr.deviceinfo
                0x00000000       0x3c
 .note.gnu.avr.deviceinfo
                0x00000000       0x3c C:/Program Files (x86)/Atmel/Studio/7.0/Packs/atmel/ATmega_DFP/1.7.374/gcc/dev/atmega32a/avr5/crtatmega32a.o

.note.gnu.build-id
 *(.note.gnu.build-id)

.debug
 *(.debug)

.line
 *(.line)

.debug_srcinfo
 *(.debug_srcinfo)

.debug_sfnames
 *(.debug_sfnames)

.debug_aranges  0x00000000      0x5b8
 *(.debug_aranges)
 .debug_aranges
                0x00000000       0x20 Source/APP/main.o
 .debug_aranges
                0x00000020       0x30 Source/HAL/DC_Motor/Source/dc.o
 .debug_aranges
                0x00000050       0x28 Source/HAL/Keypad/Source/keypad.o
 .debug_aranges
                0x00000078       0x30 Source/HAL/Lamp/Source/lamp.o
 .debug_aranges
                0x000000a8       0x60 Source/HAL/LCD/Source/lcd.o
 .debug_aranges
                0x00000108       0x28 Source/HAL/LM35/Source/lm35.o
 .debug_aranges
                0x00000130       0x30 Source/HAL/MM74C922/Source/MM74C922.o
 .debug_aranges
                0x00000160       0x28 Source/HAL/Relay/Source/relay.o
 .debug_aranges
                0x00000188       0x28 Source/MCAL/ADC/Source/adc.o
 .debug_aranges
                0x000001b0       0x40 Source/MCAL/DIO/Source/dio.o
 .debug_aranges
                0x000001f0       0x38 Source/MCAL/EEPROM/Source/eeprom.o
 .debug_aranges
                0x00000228       0x28 Source/MCAL/GIE/Source/gie.o
 .debug_aranges
                0x00000250       0x90 Source/MCAL/Timer0/Source/timer0.o
 .debug_aranges
                0x000002e0       0x70 Source/MCAL/Timer1/Source/timer1.o
 .debug_aranges
                0x00000350       0x90 Source/MCAL/Timer2/Source/timer2.o
 .debug_aranges
                0x000003e0       0x58 Source/SERVICE/AC/Source/ac.o
 .debug_aranges
                0x00000438       0x38 Source/SERVICE/Lamp_Dim/Source/LED_Dim_Service.o
 .debug_aranges
                0x00000470       0x60 Source/SERVICE/LocalMode_DB/Source/localDB.o
 .debug_aranges
                0x000004d0       0x88 Source/SERVICE/LocalMode_Menu/Source/localMenu.o
 .debug_aranges
                0x00000558       0x60 Source/SERVICE/RemoteMode_DB/Source/remoteDB.o

.debug_pubnames
 *(.debug_pubnames)

.debug_info     0x00000000     0x491d
 *(.debug_info .gnu.linkonce.wi.*)
 .debug_info    0x00000000      0x4e6 C:/Program Files (x86)/Atmel/Studio/7.0/Packs/atmel/ATmega_DFP/1.7.374/gcc/dev/atmega32a/avr5/crtatmega32a.o
 .debug_info    0x000004e6      0x122 Source/APP/main.o
 .debug_info    0x00000608      0x118 Source/HAL/DC_Motor/Source/dc.o
 .debug_info    0x00000720       0xf1 Source/HAL/Keypad/Source/keypad.o
 .debug_info    0x00000811      0x15d Source/HAL/Lamp/Source/lamp.o
 .debug_info    0x0000096e      0x8e8 Source/HAL/LCD/Source/lcd.o
 .debug_info    0x00001256      0x118 Source/HAL/LM35/Source/lm35.o
 .debug_info    0x0000136e      0x1d3 Source/HAL/MM74C922/Source/MM74C922.o
 .debug_info    0x00001541      0x1cb Source/HAL/Relay/Source/relay.o
 .debug_info    0x0000170c       0xb7 Source/MCAL/ADC/Source/adc.o
 .debug_info    0x000017c3      0x1a8 Source/MCAL/DIO/Source/dio.o
 .debug_info    0x0000196b      0x219 Source/MCAL/EEPROM/Source/eeprom.o
 .debug_info    0x00001b84       0x98 Source/MCAL/GIE/Source/gie.o
 .debug_info    0x00001c1c      0x2c1 Source/MCAL/Timer0/Source/timer0.o
 .debug_info    0x00001edd      0x25a Source/MCAL/Timer1/Source/timer1.o
 .debug_info    0x00002137      0x2c1 Source/MCAL/Timer2/Source/timer2.o
 .debug_info    0x000023f8      0x2ce Source/SERVICE/AC/Source/ac.o
 .debug_info    0x000026c6      0x190 Source/SERVICE/Lamp_Dim/Source/LED_Dim_Service.o
 .debug_info    0x00002856      0x8cd Source/SERVICE/LocalMode_DB/Source/localDB.o
 .debug_info    0x00003123      0xfe8 Source/SERVICE/LocalMode_Menu/Source/localMenu.o
 .debug_info    0x0000410b      0x812 Source/SERVICE/RemoteMode_DB/Source/remoteDB.o

.debug_abbrev   0x00000000     0x1aab
 *(.debug_abbrev)
 .debug_abbrev  0x00000000      0x4a3 C:/Program Files (x86)/Atmel/Studio/7.0/Packs/atmel/ATmega_DFP/1.7.374/gcc/dev/atmega32a/avr5/crtatmega32a.o
 .debug_abbrev  0x000004a3       0x68 Source/APP/main.o
 .debug_abbrev  0x0000050b       0x64 Source/HAL/DC_Motor/Source/dc.o
 .debug_abbrev  0x0000056f       0xa7 Source/HAL/Keypad/Source/keypad.o
 .debug_abbrev  0x00000616      0x109 Source/HAL/Lamp/Source/lamp.o
 .debug_abbrev  0x0000071f      0x207 Source/HAL/LCD/Source/lcd.o
 .debug_abbrev  0x00000926       0xa7 Source/HAL/LM35/Source/lm35.o
 .debug_abbrev  0x000009cd      0x135 Source/HAL/MM74C922/Source/MM74C922.o
 .debug_abbrev  0x00000b02       0x8d Source/HAL/Relay/Source/relay.o
 .debug_abbrev  0x00000b8f       0x6f Source/MCAL/ADC/Source/adc.o
 .debug_abbrev  0x00000bfe       0xa9 Source/MCAL/DIO/Source/dio.o
 .debug_abbrev  0x00000ca7      0x11d Source/MCAL/EEPROM/Source/eeprom.o
 .debug_abbrev  0x00000dc4       0x46 Source/MCAL/GIE/Source/gie.o
 .debug_abbrev  0x00000e0a       0xeb Source/MCAL/Timer0/Source/timer0.o
 .debug_abbrev  0x00000ef5       0xde Source/MCAL/Timer1/Source/timer1.o
 .debug_abbrev  0x00000fd3       0xeb Source/MCAL/Timer2/Source/timer2.o
 .debug_abbrev  0x000010be      0x15e Source/SERVICE/AC/Source/ac.o
 .debug_abbrev  0x0000121c      0x107 Source/SERVICE/Lamp_Dim/Source/LED_Dim_Service.o
 .debug_abbrev  0x00001323      0x26e Source/SERVICE/LocalMode_DB/Source/localDB.o
 .debug_abbrev  0x00001591      0x278 Source/SERVICE/LocalMode_Menu/Source/localMenu.o
 .debug_abbrev  0x00001809      0x2a2 Source/SERVICE/RemoteMode_DB/Source/remoteDB.o

.debug_line     0x00000000     0x294c
 *(.debug_line .debug_line.* .debug_line_end)
 .debug_line    0x00000000      0x116 C:/Program Files (x86)/Atmel/Studio/7.0/Packs/atmel/ATmega_DFP/1.7.374/gcc/dev/atmega32a/avr5/crtatmega32a.o
 .debug_line    0x00000116      0x108 Source/APP/main.o
 .debug_line    0x0000021e       0xa6 Source/HAL/DC_Motor/Source/dc.o
 .debug_line    0x000002c4       0xbe Source/HAL/Keypad/Source/keypad.o
 .debug_line    0x00000382       0xd6 Source/HAL/Lamp/Source/lamp.o
 .debug_line    0x00000458      0x393 Source/HAL/LCD/Source/lcd.o
 .debug_line    0x000007eb       0xb7 Source/HAL/LM35/Source/lm35.o
 .debug_line    0x000008a2      0x101 Source/HAL/MM74C922/Source/MM74C922.o
 .debug_line    0x000009a3       0xfb Source/HAL/Relay/Source/relay.o
 .debug_line    0x00000a9e       0xba Source/MCAL/ADC/Source/adc.o
 .debug_line    0x00000b58      0x21c Source/MCAL/DIO/Source/dio.o
 .debug_line    0x00000d74      0x138 Source/MCAL/EEPROM/Source/eeprom.o
 .debug_line    0x00000eac       0x86 Source/MCAL/GIE/Source/gie.o
 .debug_line    0x00000f32      0x1ce Source/MCAL/Timer0/Source/timer0.o
 .debug_line    0x00001100      0x1d1 Source/MCAL/Timer1/Source/timer1.o
 .debug_line    0x000012d1      0x1ce Source/MCAL/Timer2/Source/timer2.o
 .debug_line    0x0000149f      0x1b4 Source/SERVICE/AC/Source/ac.o
 .debug_line    0x00001653      0x12c Source/SERVICE/Lamp_Dim/Source/LED_Dim_Service.o
 .debug_line    0x0000177f      0x4f3 Source/SERVICE/LocalMode_DB/Source/localDB.o
 .debug_line    0x00001c72      0x87a Source/SERVICE/LocalMode_Menu/Source/localMenu.o
 .debug_line    0x000024ec      0x460 Source/SERVICE/RemoteMode_DB/Source/remoteDB.o

.debug_frame    0x00000000      0xd80
 *(.debug_frame)
 .debug_frame   0x00000000       0x24 Source/APP/main.o
 .debug_frame   0x00000024       0x44 Source/HAL/DC_Motor/Source/dc.o
 .debug_frame   0x00000068       0x34 Source/HAL/Keypad/Source/keypad.o
 .debug_frame   0x0000009c       0x4c Source/HAL/Lamp/Source/lamp.o
 .debug_frame   0x000000e8       0xfc Source/HAL/LCD/Source/lcd.o
 .debug_frame   0x000001e4       0x34 Source/HAL/LM35/Source/lm35.o
 .debug_frame   0x00000218       0x60 Source/HAL/MM74C922/Source/MM74C922.o
 .debug_frame   0x00000278       0x34 Source/HAL/Relay/Source/relay.o
 .debug_frame   0x000002ac       0x34 Source/MCAL/ADC/Source/adc.o
 .debug_frame   0x000002e0       0x64 Source/MCAL/DIO/Source/dio.o
 .debug_frame   0x00000344       0x94 Source/MCAL/EEPROM/Source/eeprom.o
 .debug_frame   0x000003d8       0x34 Source/MCAL/GIE/Source/gie.o
 .debug_frame   0x0000040c      0x194 Source/MCAL/Timer0/Source/timer0.o
 .debug_frame   0x000005a0      0x10c Source/MCAL/Timer1/Source/timer1.o
 .debug_frame   0x000006ac      0x194 Source/MCAL/Timer2/Source/timer2.o
 .debug_frame   0x00000840       0x94 Source/SERVICE/AC/Source/ac.o
 .debug_frame   0x000008d4       0x54 Source/SERVICE/Lamp_Dim/Source/LED_Dim_Service.o
 .debug_frame   0x00000928      0x174 Source/SERVICE/LocalMode_DB/Source/localDB.o
 .debug_frame   0x00000a9c      0x170 Source/SERVICE/LocalMode_Menu/Source/localMenu.o
 .debug_frame   0x00000c0c      0x174 Source/SERVICE/RemoteMode_DB/Source/remoteDB.o

.debug_str      0x00000000     0x1275
 *(.debug_str)
 .debug_str     0x00000000      0x196 C:/Program Files (x86)/Atmel/Studio/7.0/Packs/atmel/ATmega_DFP/1.7.374/gcc/dev/atmega32a/avr5/crtatmega32a.o
 .debug_str     0x00000196      0x1f6 Source/APP/main.o
                                0x22a (size before relaxing)
 .debug_str     0x0000038c       0x6c Source/HAL/DC_Motor/Source/dc.o
                                0x1d5 (size before relaxing)
 .debug_str     0x000003f8       0x5e Source/HAL/Keypad/Source/keypad.o
                                0x1c7 (size before relaxing)
 .debug_str     0x00000456       0x84 Source/HAL/Lamp/Source/lamp.o
                                0x1ed (size before relaxing)
 .debug_str     0x000004da      0x11a Source/HAL/LCD/Source/lcd.o
                                0x2e8 (size before relaxing)
 .debug_str     0x000005f4       0x5d Source/HAL/LM35/Source/lm35.o
                                0x1d3 (size before relaxing)
 .debug_str     0x00000651       0x83 Source/HAL/MM74C922/Source/MM74C922.o
                                0x24f (size before relaxing)
 .debug_str     0x000006d4       0x35 Source/HAL/Relay/Source/relay.o
                                0x1ca (size before relaxing)
 .debug_str     0x00000709       0x2a Source/MCAL/ADC/Source/adc.o
                                0x1a5 (size before relaxing)
 .debug_str     0x00000733       0x4f Source/MCAL/DIO/Source/dio.o
                                0x206 (size before relaxing)
 .debug_str     0x00000782       0x81 Source/MCAL/EEPROM/Source/eeprom.o
                                0x1ef (size before relaxing)
 .debug_str     0x00000803       0x51 Source/MCAL/GIE/Source/gie.o
                                0x1ba (size before relaxing)
 .debug_str     0x00000854      0x17b Source/MCAL/Timer0/Source/timer0.o
                                0x31b (size before relaxing)
 .debug_str     0x000009cf      0x11c Source/MCAL/Timer1/Source/timer1.o
                                0x2d5 (size before relaxing)
 .debug_str     0x00000aeb      0x15a Source/MCAL/Timer2/Source/timer2.o
                                0x319 (size before relaxing)
 .debug_str     0x00000c45      0x111 Source/SERVICE/AC/Source/ac.o
                                0x2f0 (size before relaxing)
 .debug_str     0x00000d56       0x75 Source/SERVICE/Lamp_Dim/Source/LED_Dim_Service.o
                                0x246 (size before relaxing)
 .debug_str     0x00000dcb      0x19d Source/SERVICE/LocalMode_DB/Source/localDB.o
                                0x400 (size before relaxing)
 .debug_str     0x00000f68      0x1bb Source/SERVICE/LocalMode_Menu/Source/localMenu.o
                                0x597 (size before relaxing)
 .debug_str     0x00001123      0x152 Source/SERVICE/RemoteMode_DB/Source/remoteDB.o
                                0x3fe (size before relaxing)

.debug_loc      0x00000000     0x2629
 *(.debug_loc)
 .debug_loc     0x00000000       0x1f Source/HAL/Keypad/Source/keypad.o
 .debug_loc     0x0000001f       0x6f Source/HAL/Lamp/Source/lamp.o
 .debug_loc     0x0000008e      0x44a Source/HAL/LCD/Source/lcd.o
 .debug_loc     0x000004d8       0xdc Source/HAL/LM35/Source/lm35.o
 .debug_loc     0x000005b4       0xe4 Source/HAL/MM74C922/Source/MM74C922.o
 .debug_loc     0x00000698       0x85 Source/HAL/Relay/Source/relay.o
 .debug_loc     0x0000071d       0x21 Source/MCAL/ADC/Source/adc.o
 .debug_loc     0x0000073e      0x378 Source/MCAL/DIO/Source/dio.o
 .debug_loc     0x00000ab6      0x317 Source/MCAL/EEPROM/Source/eeprom.o
 .debug_loc     0x00000dcd      0x246 Source/MCAL/Timer0/Source/timer0.o
 .debug_loc     0x00001013      0x170 Source/MCAL/Timer1/Source/timer1.o
 .debug_loc     0x00001183      0x246 Source/MCAL/Timer2/Source/timer2.o
 .debug_loc     0x000013c9       0x28 Source/SERVICE/AC/Source/ac.o
 .debug_loc     0x000013f1       0x30 Source/SERVICE/Lamp_Dim/Source/LED_Dim_Service.o
 .debug_loc     0x00001421      0x69d Source/SERVICE/LocalMode_DB/Source/localDB.o
 .debug_loc     0x00001abe      0x5ed Source/SERVICE/LocalMode_Menu/Source/localMenu.o
 .debug_loc     0x000020ab      0x57e Source/SERVICE/RemoteMode_DB/Source/remoteDB.o

.debug_macinfo
 *(.debug_macinfo)

.debug_weaknames
 *(.debug_weaknames)

.debug_funcnames
 *(.debug_funcnames)

.debug_typenames
 *(.debug_typenames)

.debug_varnames
 *(.debug_varnames)

.debug_pubtypes
 *(.debug_pubtypes)

.debug_ranges   0x00000000      0x4a8
 *(.debug_ranges)
 .debug_ranges  0x00000000       0x10 Source/APP/main.o
 .debug_ranges  0x00000010       0x20 Source/HAL/DC_Motor/Source/dc.o
 .debug_ranges  0x00000030       0x18 Source/HAL/Keypad/Source/keypad.o
 .debug_ranges  0x00000048       0x20 Source/HAL/Lamp/Source/lamp.o
 .debug_ranges  0x00000068       0x50 Source/HAL/LCD/Source/lcd.o
 .debug_ranges  0x000000b8       0x18 Source/HAL/LM35/Source/lm35.o
 .debug_ranges  0x000000d0       0x20 Source/HAL/MM74C922/Source/MM74C922.o
 .debug_ranges  0x000000f0       0x18 Source/HAL/Relay/Source/relay.o
 .debug_ranges  0x00000108       0x18 Source/MCAL/ADC/Source/adc.o
 .debug_ranges  0x00000120       0x30 Source/MCAL/DIO/Source/dio.o
 .debug_ranges  0x00000150       0x28 Source/MCAL/EEPROM/Source/eeprom.o
 .debug_ranges  0x00000178       0x18 Source/MCAL/GIE/Source/gie.o
 .debug_ranges  0x00000190       0x80 Source/MCAL/Timer0/Source/timer0.o
 .debug_ranges  0x00000210       0x60 Source/MCAL/Timer1/Source/timer1.o
 .debug_ranges  0x00000270       0x80 Source/MCAL/Timer2/Source/timer2.o
 .debug_ranges  0x000002f0       0x48 Source/SERVICE/AC/Source/ac.o
 .debug_ranges  0x00000338       0x28 Source/SERVICE/Lamp_Dim/Source/LED_Dim_Service.o
 .debug_ranges  0x00000360       0x68 Source/SERVICE/LocalMode_DB/Source/localDB.o
 .debug_ranges  0x000003c8       0x78 Source/SERVICE/LocalMode_Menu/Source/localMenu.o
 .debug_ranges  0x00000440       0x68 Source/SERVICE/RemoteMode_DB/Source/remoteDB.o

.debug_macro
 *(.debug_macro)
OUTPUT(SmartHome.elf elf32-avr)
LOAD linker stubs
